#-----------------------------------------------------------
# xsim v2022.2 (64-bit)
# SW Build 3671981 on Fri Oct 14 05:00:03 MDT 2022
# IP Build 3669848 on Fri Oct 14 08:30:02 MDT 2022
# Start of session at: Fri Oct  9 15:56:01 2026
# Process ID: 9724
# Current directory: D:/PPG/runs_7a8eabf/sys_g3/rtl/ppg_control_top
# Command line: xsim.exe -log xsim_regression_20260906/tb_ppg_control_top_owner_identity_backpressure/xsim.log -mode tcl -source {xsim.dir/snap_tb_ppg_control_top_owner_identity_backpressure/xsim_script.tcl}
# Log file: D:/PPG/runs_7a8eabf/sys_g3/rtl/ppg_control_top/xsim_regression_20260906/tb_ppg_control_top_owner_identity_backpressure/xsim.log
# Journal file: D:/PPG/runs_7a8eabf/sys_g3/rtl/ppg_control_top\xsim.jou
# Running On: DESKTOP-VU9H4FF, OS: Windows, CPU Frequency: 2904 MHz, CPU Physical cores: 6, Host memory: 16920 MB
#-----------------------------------------------------------
source xsim.dir/snap_tb_ppg_control_top_owner_identity_backpressure/xsim_script.tcl
# xsim {snap_tb_ppg_control_top_owner_identity_backpressure} -autoloadwcfg -runall
Time resolution is 1 ps
run -all
JNT_BASELINE_BEGIN required=54
PASS JNT-STARTUP-READY (jnt 1/54)
PASS JNT-01 (jnt 2/54)
PASS JNT-OWNER-WAIT (jnt 3/54)
PASS JNT-02A (jnt 4/54)
PASS JNT-PHASE-ORDER (jnt 5/54)
PASS JNT-Q3-RELEASE (jnt 6/54)
PASS JNT-02-IR-PREESTABLISH (jnt 7/54)
PASS JNT-03-IDAC (jnt 8/54)
PASS JNT-DONE-WAIT (jnt 9/54)
PASS JNT-02B (jnt 10/54)
PASS JNT-OWNER-WAIT (jnt 11/54)
PASS JNT-03A (jnt 12/54)
PASS JNT-PHASE-ORDER (jnt 13/54)
PASS JNT-Q3-RELEASE (jnt 14/54)
PASS JNT-04-IDAC (jnt 15/54)
PASS JNT-DONE-WAIT (jnt 16/54)
PASS JNT-03B (jnt 17/54)
PASS JNT-04 (jnt 18/54)
PASS JNT-STARTUP-READY (jnt 19/54)
PASS JNT-OWNER-WAIT (jnt 20/54)
PASS JNT-05A (jnt 21/54)
PASS JNT-PHASE-ORDER (jnt 22/54)
PASS JNT-Q3-RELEASE (jnt 23/54)
PASS JNT-DONE-WAIT (jnt 24/54)
PASS JNT-05B (jnt 25/54)
PASS JNT-STARTUP-READY (jnt 26/54)
PASS JNT-OWNER-WAIT (jnt 27/54)
PASS JNT-PHASE-ORDER (jnt 28/54)
PASS JNT-Q3-RELEASE (jnt 29/54)
PASS JNT-06 (jnt 30/54)
PASS JNT-STARTUP-READY (jnt 31/54)
PASS JNT-OWNER-WAIT (jnt 32/54)
PASS JNT-07A (jnt 33/54)
PASS JNT-PHASE-ORDER (jnt 34/54)
PASS JNT-Q3-RELEASE (jnt 35/54)
PASS JNT-07B (jnt 36/54)
PASS JNT-DONE-WAIT (jnt 37/54)
PASS JNT-07C (jnt 38/54)
PASS JNT-OWNER-WAIT (jnt 39/54)
PASS JNT-07D (jnt 40/54)
PASS JNT-PHASE-ORDER (jnt 41/54)
PASS JNT-Q3-RELEASE (jnt 42/54)
PASS JNT-07E (jnt 43/54)
PASS JNT-DONE-WAIT (jnt 44/54)
PASS JNT-07F (jnt 45/54)
PASS JNT-STARTUP-READY (jnt 46/54)
PASS JNT-OWNER-WAIT (jnt 47/54)
PASS JNT-PHASE-ORDER (jnt 48/54)
PASS JNT-Q3-RELEASE (jnt 49/54)
PASS JNT-DONE-WAIT (jnt 50/54)
PASS JNT-08 (jnt 51/54)
PASS JNT-STARTUP-READY (jnt 52/54)
PASS JNT-09-STARTUP (jnt 53/54)
PASS JNT-09 (jnt 54/54)
JNT_BASELINE checked=54 pass=54 required=54 status=PASS
PASS OIB-02 RED owner-deadline timeout asserted the non-blocking historical diagnostic with no half-commit, no blocking sticky, and no supervisor record/abort/STOP request
PASS OIB-02 RED recovery branch: releasing i_adc_physical_idle before the owner deadline established exactly one atomic ownership consuming exactly one sample_index
PASS OIB-02 IR owner-deadline timeout asserted the non-blocking historical diagnostic with no half-commit, no blocking sticky, and no supervisor record/abort/STOP request
PASS OIB-03 ADC owner activity (4 commits) progressed independently while output backpressured, held result never silently dropped
PASS OIB-03 held result consumed promptly once output backpressure released
PASS OIB-03 STOP-during-held-result produced exactly one DISCARD_STOP record and never a successful transfer
PASS OIB-08 abort after owner commit retained the original identity, the late real DONE produced exactly one success=0 release with no formal/algorithm-side transfer, sample_index=22
PASS OIB-09 frame-scoped DC_R epoch before(frame=3 epoch=10)/after(frame=14 epoch=11) each bound correctly to its own frame's latched snapshot, and the epoch genuinely advanced after a real safe-boundary code update
PASS OIB-07 formal result identity (frame=14 sample=45 color=1 precision=0) matched exactly this transaction's own commit-time snapshot
PASS OIB-05 a duplicate/unowned DONE presented after full drain produced no second completion and no second formal result
PASS OIB-01 RED waveform-context handover missed while held (stall request across the fixed tick) asserted only the Scheduler's non-blocking launch-timeout diagnostic, with SSW's blocking switch_protocol_error_sticky correctly staying 0
PASS OIB-01 recovery: releasing the stall request let a fresh legal handover opportunity commit a real owner cleanly, with no lingering SSW blocking fault
PASS OIB-03 reset during a held formal result cleared it without producing any discard event
PASS OIB-06 result stream preserved order with no loss/duplication/recoloring/retyping/precision-relabeling across 35 real transfers
OWNER_IDENTITY_BACKPRESSURE_TB_PASS result_captures=35 owner_commit_total=224 measurement_discard_events=1 detection_discard_events=0 order_violation_count=0
$finish called at time : 105193250 ns : File "D:/PPG/runs_7a8eabf/sys_g3/rtl/ppg_control_top/tb_ppg_control_top_owner_identity_backpressure.v" Line 1979
run: Time (s): cpu = 00:00:00 ; elapsed = 00:00:22 . Memory (MB): peak = 239.602 ; gain = 0.000
exit
INFO: xsimkernel Simulation Memory Usage: 15100 KB (Peak: 15100 KB), Simulation CPU Usage: 22343 ms
INFO: [Common 17-206] Exiting xsim at Fri Oct  9 15:56:25 2026...
