#-----------------------------------------------------------
# xsim v2022.2 (64-bit)
# SW Build 3671981 on Fri Oct 14 05:00:03 MDT 2022
# IP Build 3669848 on Fri Oct 14 08:30:02 MDT 2022
# Start of session at: Fri Oct  9 15:47:45 2026
# Process ID: 23076
# Current directory: D:/PPG/runs_7a8eabf/unit_runs/tb_ppg_precision_window_integration
# Command line: xsim.exe -log xsim.log -mode tcl -source {xsim.dir/snap_tb_ppg_precision_window_integration/xsim_script.tcl}
# Log file: D:/PPG/runs_7a8eabf/unit_runs/tb_ppg_precision_window_integration/xsim.log
# Journal file: D:/PPG/runs_7a8eabf/unit_runs/tb_ppg_precision_window_integration\xsim.jou
# Running On: DESKTOP-VU9H4FF, OS: Windows, CPU Frequency: 2904 MHz, CPU Physical cores: 6, Host memory: 16920 MB
#-----------------------------------------------------------
source xsim.dir/snap_tb_ppg_precision_window_integration/xsim_script.tcl
# xsim {snap_tb_ppg_precision_window_integration} -autoloadwcfg -runall
Time resolution is 1 ps
run -all
PASS PWI-01
PASS PWI-02
PASS PWI-04
PASS PWI-03
PASS PWI-05
ALL PWI-01 THROUGH PWI-05 PASS count=5
$finish called at time : 59970 ns : File "D:/PPG/runs_7a8eabf/unit/rtl/ppg_precision_window_integration/tb_ppg_precision_window_integration.v" Line 847
exit
INFO: [Common 17-206] Exiting xsim at Fri Oct  9 15:47:47 2026...
