#-----------------------------------------------------------
# xsim v2022.2 (64-bit)
# SW Build 3671981 on Fri Oct 14 05:00:03 MDT 2022
# IP Build 3669848 on Fri Oct 14 08:30:02 MDT 2022
# Start of session at: Fri Oct  9 15:46:02 2026
# Process ID: 24232
# Current directory: D:/PPG/runs_7a8eabf/unit_runs/tb_ppg_characterization_control_cdc
# Command line: xsim.exe -log xsim.log -mode tcl -source {xsim.dir/snap_tb_ppg_characterization_control_cdc/xsim_script.tcl}
# Log file: D:/PPG/runs_7a8eabf/unit_runs/tb_ppg_characterization_control_cdc/xsim.log
# Journal file: D:/PPG/runs_7a8eabf/unit_runs/tb_ppg_characterization_control_cdc\xsim.jou
# Running On: DESKTOP-VU9H4FF, OS: Windows, CPU Frequency: 2904 MHz, CPU Physical cores: 6, Host memory: 16920 MB
#-----------------------------------------------------------
source xsim.dir/snap_tb_ppg_characterization_control_cdc/xsim_script.tcl
# xsim {snap_tb_ppg_characterization_control_cdc} -autoloadwcfg -runall
Time resolution is 1 ps
run -all
PASS CCC-1
PASS CCC-2
PASS CCC-3
PASS CCC-4
PASS CCC-6
PASS CCC-5
PASS CCC-7
PASS CCC-8
PASS CCC-9
PASS CCC-10
PASS CCC-11
PASS CCC-12
PASS CCC-13
PASS CCC-14
PASS CCC-16
PASS CCC-15
PASS CCC-17
PASS CCC-18
PASS CCC-19
PASS CCC-20
PASS CCC-21
PASS CCC-22
PASS CCC-23
PASS CCC-24
PASS CCC-25
PASS CCC-26
ALL CCC-01 TO CCC-26 PASS (26 checks)
$finish called at time : 1776 ns : File "D:/PPG/runs_7a8eabf/unit/rtl/ppg_characterization_control_cdc/tb_ppg_characterization_control_cdc.v" Line 494
exit
INFO: [Common 17-206] Exiting xsim at Fri Oct  9 15:46:05 2026...
