#-----------------------------------------------------------
# xsim v2022.2 (64-bit)
# SW Build 3671981 on Fri Oct 14 05:00:03 MDT 2022
# IP Build 3669848 on Fri Oct 14 08:30:02 MDT 2022
# Start of session at: Fri Oct  9 21:00:43 2026
# Process ID: 26784
# Current directory: D:/PPG/runs_5d8ceba/unit_runs/tb_ppg_system_config_manager
# Command line: xsim.exe -log xsim.log -mode tcl -source {xsim.dir/snap_tb_ppg_system_config_manager/xsim_script.tcl}
# Log file: D:/PPG/runs_5d8ceba/unit_runs/tb_ppg_system_config_manager/xsim.log
# Journal file: D:/PPG/runs_5d8ceba/unit_runs/tb_ppg_system_config_manager\xsim.jou
# Running On: DESKTOP-VU9H4FF, OS: Windows, CPU Frequency: 2904 MHz, CPU Physical cores: 6, Host memory: 16920 MB
#-----------------------------------------------------------
source xsim.dir/snap_tb_ppg_system_config_manager/xsim_script.tcl
# xsim {snap_tb_ppg_system_config_manager} -autoloadwcfg -runall
Time resolution is 1 ps
run -all
MGR11_STOP_PRIORITY cases=3 steps_per_case=2
PASS: ppg_system_config_manager MGR-01 through MGR-24 except MGR-21 (joint-TB item) all directed checks passed
$finish called at time : 1016 ns : File "D:/PPG/runs_5d8ceba/unit/rtl/ppg_system_config_manager/tb_ppg_system_config_manager.v" Line 997
exit
INFO: [Common 17-206] Exiting xsim at Fri Oct  9 21:00:45 2026...
