#-----------------------------------------------------------
# xsim v2022.2 (64-bit)
# SW Build 3671981 on Fri Oct 14 05:00:03 MDT 2022
# IP Build 3669848 on Fri Oct 14 08:30:02 MDT 2022
# Start of session at: Fri Oct  9 15:48:08 2026
# Process ID: 25284
# Current directory: D:/PPG/runs_7a8eabf/unit_runs/tb_ppg_system_active_config_unpack
# Command line: xsim.exe -log xsim.log -mode tcl -source {xsim.dir/snap_tb_ppg_system_active_config_unpack/xsim_script.tcl}
# Log file: D:/PPG/runs_7a8eabf/unit_runs/tb_ppg_system_active_config_unpack/xsim.log
# Journal file: D:/PPG/runs_7a8eabf/unit_runs/tb_ppg_system_active_config_unpack\xsim.jou
# Running On: DESKTOP-VU9H4FF, OS: Windows, CPU Frequency: 2904 MHz, CPU Physical cores: 6, Host memory: 16920 MB
#-----------------------------------------------------------
source xsim.dir/snap_tb_ppg_system_active_config_unpack/xsim_script.tcl
# xsim {snap_tb_ppg_system_active_config_unpack} -autoloadwcfg -runall
Time resolution is 1 ps
run -all
PASS: ppg_system_active_config_unpack all checks passed
$finish called at time : 1027 ns : File "D:/PPG/runs_7a8eabf/unit/rtl/ppg_system_active_config_unpack/tb_ppg_system_active_config_unpack.v" Line 264
exit
INFO: [Common 17-206] Exiting xsim at Fri Oct  9 15:48:10 2026...
