#-----------------------------------------------------------
# xsim v2022.2 (64-bit)
# SW Build 3671981 on Fri Oct 14 05:00:03 MDT 2022
# IP Build 3669848 on Fri Oct 14 08:30:02 MDT 2022
# Start of session at: Fri Oct  9 20:53:38 2026
# Process ID: 27420
# Current directory: D:/PPG/runs_5d8ceba/unit_runs/tb_ppg_active_v4_control_plane_integration
# Command line: xsim.exe -log xsim.log -mode tcl -source {xsim.dir/snap_tb_ppg_active_v4_control_plane_integration/xsim_script.tcl}
# Log file: D:/PPG/runs_5d8ceba/unit_runs/tb_ppg_active_v4_control_plane_integration/xsim.log
# Journal file: D:/PPG/runs_5d8ceba/unit_runs/tb_ppg_active_v4_control_plane_integration\xsim.jou
# Running On: DESKTOP-VU9H4FF, OS: Windows, CPU Frequency: 2904 MHz, CPU Physical cores: 6, Host memory: 16920 MB
#-----------------------------------------------------------
source xsim.dir/snap_tb_ppg_active_v4_control_plane_integration/xsim_script.tcl
# xsim {snap_tb_ppg_active_v4_control_plane_integration} -autoloadwcfg -runall
Time resolution is 1 ps
run -all
PASS AV4C-13
PASS AV4C-04
PASS AV4C-08
PASS AV4C-10
PASS AV4C-11
PASS AV4C-01
PASS AV4C-05
PASS AV4C-14
PASS AV4C-02
PASS AV4C-03
PASS AV4C-15
PASS AV4C-17
PASS AV4C-06
PASS AV4C-12
PASS AV4C-18
PASS AV4C-07
PASS AV4C-16
PASS AV4C-09
PASS AV4C-19
PASS AV4C-21
PASS AV4C-22
PASS AV4C-20
ALL AV4C-01 THROUGH AV4C-22 PASSED
$finish called at time : 1034500 ps : File "D:/PPG/runs_5d8ceba/unit/rtl/ppg_active_v4_control_plane_integration/tb_ppg_active_v4_control_plane_integration.v" Line 892
exit
INFO: [Common 17-206] Exiting xsim at Fri Oct  9 20:53:40 2026...
