#-----------------------------------------------------------
# xsim v2022.2 (64-bit)
# SW Build 3671981 on Fri Oct 14 05:00:03 MDT 2022
# IP Build 3669848 on Fri Oct 14 08:30:02 MDT 2022
# Start of session at: Fri Oct  9 20:58:56 2026
# Process ID: 9116
# Current directory: D:/PPG/runs_5d8ceba/unit_runs/tb_ppg_dynamic_baseline_phase_a_arithmetic_equivalence
# Command line: xsim.exe -log xsim.log -mode tcl -source {xsim.dir/snap_tb_ppg_dynamic_baseline_phase_a_arithmetic_equivalence/xsim_script.tcl}
# Log file: D:/PPG/runs_5d8ceba/unit_runs/tb_ppg_dynamic_baseline_phase_a_arithmetic_equivalence/xsim.log
# Journal file: D:/PPG/runs_5d8ceba/unit_runs/tb_ppg_dynamic_baseline_phase_a_arithmetic_equivalence\xsim.jou
# Running On: DESKTOP-VU9H4FF, OS: Windows, CPU Frequency: 2904 MHz, CPU Physical cores: 6, Host memory: 16920 MB
#-----------------------------------------------------------
source xsim.dir/snap_tb_ppg_dynamic_baseline_phase_a_arithmetic_equivalence/xsim_script.tcl
# xsim {snap_tb_ppg_dynamic_baseline_phase_a_arithmetic_equivalence} -autoloadwcfg -runall
Time resolution is 1 ps
run -all
PHASE_A_ARITH_EQV PASS vectors=20005
$finish called at time : 0 fs : File "D:/PPG/runs_5d8ceba/unit/rtl/ppg_dynamic_baseline_cross_detector/tb_ppg_dynamic_baseline_phase_a_arithmetic_equivalence.v" Line 217
exit
INFO: [Common 17-206] Exiting xsim at Fri Oct  9 20:58:58 2026...
