#-----------------------------------------------------------
# xsim v2022.2 (64-bit)
# SW Build 3671981 on Fri Oct 14 05:00:03 MDT 2022
# IP Build 3669848 on Fri Oct 14 08:30:02 MDT 2022
# Start of session at: Fri Oct  9 21:02:03 2026
# Process ID: 7348
# Current directory: D:/PPG/runs_5d8ceba/sys_g3/rtl/ppg_control_top
# Command line: xsim.exe -log xsim_regression_20260906/tb_ppg_control_top_no_recheck_control/xsim.log -mode tcl -source {xsim.dir/snap_tb_ppg_control_top_no_recheck_control/xsim_script.tcl}
# Log file: D:/PPG/runs_5d8ceba/sys_g3/rtl/ppg_control_top/xsim_regression_20260906/tb_ppg_control_top_no_recheck_control/xsim.log
# Journal file: D:/PPG/runs_5d8ceba/sys_g3/rtl/ppg_control_top\xsim.jou
# Running On: DESKTOP-VU9H4FF, OS: Windows, CPU Frequency: 2904 MHz, CPU Physical cores: 6, Host memory: 16920 MB
#-----------------------------------------------------------
source xsim.dir/snap_tb_ppg_control_top_no_recheck_control/xsim_script.tcl
# xsim {snap_tb_ppg_control_top_no_recheck_control} -autoloadwcfg -runall
Time resolution is 1 ps
run -all
JNT_BASELINE_BEGIN required=54
PASS JNT-STARTUP-READY (jnt 1/54)
PASS JNT-01 (jnt 2/54)
PASS JNT-OWNER-WAIT (jnt 3/54)
PASS JNT-02A (jnt 4/54)
PASS JNT-PHASE-ORDER (jnt 5/54)
PASS JNT-Q3-RELEASE (jnt 6/54)
PASS JNT-02-IR-PREESTABLISH (jnt 7/54)
PASS JNT-03-IDAC (jnt 8/54)
PASS JNT-DONE-WAIT (jnt 9/54)
PASS JNT-02B (jnt 10/54)
PASS JNT-OWNER-WAIT (jnt 11/54)
PASS JNT-03A (jnt 12/54)
PASS JNT-PHASE-ORDER (jnt 13/54)
PASS JNT-Q3-RELEASE (jnt 14/54)
PASS JNT-04-IDAC (jnt 15/54)
PASS JNT-DONE-WAIT (jnt 16/54)
PASS JNT-03B (jnt 17/54)
PASS JNT-04 (jnt 18/54)
PASS JNT-STARTUP-READY (jnt 19/54)
PASS JNT-OWNER-WAIT (jnt 20/54)
PASS JNT-05A (jnt 21/54)
PASS JNT-PHASE-ORDER (jnt 22/54)
PASS JNT-Q3-RELEASE (jnt 23/54)
PASS JNT-DONE-WAIT (jnt 24/54)
PASS JNT-05B (jnt 25/54)
PASS JNT-STARTUP-READY (jnt 26/54)
PASS JNT-OWNER-WAIT (jnt 27/54)
PASS JNT-PHASE-ORDER (jnt 28/54)
PASS JNT-Q3-RELEASE (jnt 29/54)
PASS JNT-06 (jnt 30/54)
PASS JNT-STARTUP-READY (jnt 31/54)
PASS JNT-OWNER-WAIT (jnt 32/54)
PASS JNT-07A (jnt 33/54)
PASS JNT-PHASE-ORDER (jnt 34/54)
PASS JNT-Q3-RELEASE (jnt 35/54)
PASS JNT-07B (jnt 36/54)
PASS JNT-DONE-WAIT (jnt 37/54)
PASS JNT-07C (jnt 38/54)
PASS JNT-OWNER-WAIT (jnt 39/54)
PASS JNT-07D (jnt 40/54)
PASS JNT-PHASE-ORDER (jnt 41/54)
PASS JNT-Q3-RELEASE (jnt 42/54)
PASS JNT-07E (jnt 43/54)
PASS JNT-DONE-WAIT (jnt 44/54)
PASS JNT-07F (jnt 45/54)
PASS JNT-STARTUP-READY (jnt 46/54)
PASS JNT-OWNER-WAIT (jnt 47/54)
PASS JNT-PHASE-ORDER (jnt 48/54)
PASS JNT-Q3-RELEASE (jnt 49/54)
PASS JNT-DONE-WAIT (jnt 50/54)
PASS JNT-08 (jnt 51/54)
PASS JNT-STARTUP-READY (jnt 52/54)
PASS JNT-09-STARTUP (jnt 53/54)
PASS JNT-09 (jnt 54/54)
JNT_BASELINE checked=54 pass=54 required=54 status=PASS
PASS NRE-04 a real baseline crossing entered SAR15 and a qualified peak/valley sequence returned to SAR9 through the normal path, with zero recheck event observed anywhere in between
PASS NRE-05 the real cross was formed only after both RED and IR FIR history had already latched full, bound to genuine accumulated NORMAL evidence, not to START/reset/a hidden recheck clear
PASS NRE-01 recheck pending/accept/busy/done/failed stayed inactive for the entire RUN with amb_recheck_interval_frames=0
PASS NRE-02 no recheck-driven FIR-history clear, detector clear, or calibration request occurred at any point (checked directly at the FIR/cross-detector i_recheck_accept_event/i_recheck_busy inputs and at the idac controller's own recheck-family states)
PASS NRE-03 both RED and IR completed normal FIR warmup and retained uninterrupted qualified history (depth never decreased before latching full)
PASS NRE-06 formal result order stayed continuous (o_result_frame_id never decreased) across 1627 captured results and 1655 owner commits over the long run
PASS NRE-06 AMB code and epoch remained bit-identical from post-startup-search through the entire long no-recheck run
NO_RECHECK_CONTROL_TB_PASS result_captures=1627 owner_commit_total=1655
$finish called at time : 2038876751 ns : File "D:/PPG/runs_5d8ceba/sys_g3/rtl/ppg_control_top/tb_ppg_control_top_no_recheck_control.v" Line 1108
run: Time (s): cpu = 00:00:00 ; elapsed = 00:06:56 . Memory (MB): peak = 239.258 ; gain = 0.000
exit
INFO: xsimkernel Simulation Memory Usage: 13588 KB (Peak: 13588 KB), Simulation CPU Usage: 412952 ms
INFO: [Common 17-206] Exiting xsim at Fri Oct  9 21:09:01 2026...
