#-----------------------------------------------------------
# xsim v2022.2 (64-bit)
# SW Build 3671981 on Fri Oct 14 05:00:03 MDT 2022
# IP Build 3669848 on Fri Oct 14 08:30:02 MDT 2022
# Start of session at: Fri Oct  9 16:20:16 2026
# Process ID: 24168
# Current directory: D:/PPG/runs_7a8eabf/sys_g2/rtl/ppg_control_top
# Command line: xsim.exe -log xsim_regression_20260906/tb_ppg_control_top_idac_bus_isolation/xsim.log -mode tcl -source {xsim.dir/snap_tb_ppg_control_top_idac_bus_isolation/xsim_script.tcl}
# Log file: D:/PPG/runs_7a8eabf/sys_g2/rtl/ppg_control_top/xsim_regression_20260906/tb_ppg_control_top_idac_bus_isolation/xsim.log
# Journal file: D:/PPG/runs_7a8eabf/sys_g2/rtl/ppg_control_top\xsim.jou
# Running On: DESKTOP-VU9H4FF, OS: Windows, CPU Frequency: 2904 MHz, CPU Physical cores: 6, Host memory: 16920 MB
#-----------------------------------------------------------
source xsim.dir/snap_tb_ppg_control_top_idac_bus_isolation/xsim_script.tcl
# xsim {snap_tb_ppg_control_top_idac_bus_isolation} -autoloadwcfg -runall
Time resolution is 1 ps
run -all
JNT_BASELINE_BEGIN required=54
PASS JNT-STARTUP-READY (jnt 1/54)
PASS JNT-01 (jnt 2/54)
PASS JNT-OWNER-WAIT (jnt 3/54)
PASS JNT-02A (jnt 4/54)
PASS JNT-PHASE-ORDER (jnt 5/54)
PASS JNT-Q3-RELEASE (jnt 6/54)
PASS JNT-02-IR-PREESTABLISH (jnt 7/54)
PASS JNT-03-IDAC (jnt 8/54)
PASS JNT-DONE-WAIT (jnt 9/54)
PASS JNT-02B (jnt 10/54)
PASS JNT-OWNER-WAIT (jnt 11/54)
PASS JNT-03A (jnt 12/54)
PASS JNT-PHASE-ORDER (jnt 13/54)
PASS JNT-Q3-RELEASE (jnt 14/54)
PASS JNT-04-IDAC (jnt 15/54)
PASS JNT-DONE-WAIT (jnt 16/54)
PASS JNT-03B (jnt 17/54)
PASS JNT-04 (jnt 18/54)
PASS JNT-STARTUP-READY (jnt 19/54)
PASS JNT-OWNER-WAIT (jnt 20/54)
PASS JNT-05A (jnt 21/54)
PASS JNT-PHASE-ORDER (jnt 22/54)
PASS JNT-Q3-RELEASE (jnt 23/54)
PASS JNT-DONE-WAIT (jnt 24/54)
PASS JNT-05B (jnt 25/54)
PASS JNT-STARTUP-READY (jnt 26/54)
PASS JNT-OWNER-WAIT (jnt 27/54)
PASS JNT-PHASE-ORDER (jnt 28/54)
PASS JNT-Q3-RELEASE (jnt 29/54)
PASS JNT-06 (jnt 30/54)
PASS JNT-STARTUP-READY (jnt 31/54)
PASS JNT-OWNER-WAIT (jnt 32/54)
PASS JNT-07A (jnt 33/54)
PASS JNT-PHASE-ORDER (jnt 34/54)
PASS JNT-Q3-RELEASE (jnt 35/54)
PASS JNT-07B (jnt 36/54)
PASS JNT-DONE-WAIT (jnt 37/54)
PASS JNT-07C (jnt 38/54)
PASS JNT-OWNER-WAIT (jnt 39/54)
PASS JNT-07D (jnt 40/54)
PASS JNT-PHASE-ORDER (jnt 41/54)
PASS JNT-Q3-RELEASE (jnt 42/54)
PASS JNT-07E (jnt 43/54)
PASS JNT-DONE-WAIT (jnt 44/54)
PASS JNT-07F (jnt 45/54)
PASS JNT-STARTUP-READY (jnt 46/54)
PASS JNT-OWNER-WAIT (jnt 47/54)
PASS JNT-PHASE-ORDER (jnt 48/54)
PASS JNT-Q3-RELEASE (jnt 49/54)
PASS JNT-DONE-WAIT (jnt 50/54)
PASS JNT-08 (jnt 51/54)
PASS JNT-STARTUP-READY (jnt 52/54)
PASS JNT-09-STARTUP (jnt 53/54)
PASS JNT-09 (jnt 54/54)
JNT_BASELINE checked=54 pass=54 required=54 status=PASS
PASS ISE-04 transaction 0: SAR9 buses held non-symmetric pattern ambn=A5 dcn=3C bit-for-bit during the Q3 window
PASS ISE-04 transaction 1: SAR9 buses held non-symmetric pattern ambn=A5 dcn=3C bit-for-bit during the Q3 window
DIAG ISE-04 phase A closed: 5304 cycles continuously confirmed SAR15 buses at zero
PASS ISE-05 transaction 0: SAR15 buses held non-symmetric pattern ambn=5A dcn=C3 bit-for-bit during the Q3 window
PASS ISE-05 transaction 1: SAR15 buses held non-symmetric pattern ambn=5A dcn=C3 bit-for-bit during the Q3 window
DIAG ISE-05 phase B closed: 5307 cycles continuously confirmed SAR9 buses at zero
PASS ISE-06 STATIC_BIAS holds all four IDAC buses at zero (STATIC_BIAS clause only; AMB_CAL/DCS_CAL clause deferred to Group6/8)
PASS ISE-01-AMB color/type/epoch all correctly locked before the preparation window (frame_type=00 color_ir=0)
PASS ISE-01/02/03 AMB stage: every real candidate's SAR9 AMB/DC buses matched their pre-window snapshot bit-for-bit for the whole waveform (ISE-01/02), and later windows only ever adopted a code after its own real safe-boundary change (ISE-03)
PASS ISE-06 AMB_CAL clause: every real AMB_CAL candidate drove only the SAR9 AMB bus, DC bus held at zero throughout
PASS ISE-01-DCR color/type/epoch all correctly locked before the preparation window (frame_type=01 color_ir=0)
PASS ISE-01/02/06(DCS_CAL) DC_R stage: SAR9 AMB bus held the confirmed AMB code and DC bus tracked the real red candidate bit-for-bit throughout each waveform
PASS ISE-08 (first half): DC_IR committed code and epoch stayed frozen while DC_R ran its own real search
PASS ISE-01-DCIR color/type/epoch all correctly locked before the preparation window (frame_type=01 color_ir=1)
PASS ISE-01/02/06(DCS_CAL) DC_IR stage: SAR9 AMB bus held the confirmed AMB code and DC bus tracked the real infrared candidate bit-for-bit throughout each waveform
PASS ISE-08 (second half): DC_R committed code and epoch stayed frozen at their converged value while DC_IR ran its own real search
PASS ISE-09 real safe boundaries with no numerical code change emitted no update/track-adjust/epoch increment across 6 driven in-window transactions
PASS ISE-10 a real actual update wrapped DC_R epoch from 4'hF to 4'h0 exactly once (145 real driven transactions, single-direction wide-range increase), remaining correctly bound to the committed code throughout
IDAC_BUS_ISOLATION_TB_PASS sar15_zero_checks=5304 sar9_zero_checks=5307 result_captures=155
$finish called at time : 395559251 ns : File "D:/PPG/runs_7a8eabf/sys_g2/rtl/ppg_control_top/tb_ppg_control_top_idac_bus_isolation.v" Line 1551
run: Time (s): cpu = 00:00:00 ; elapsed = 00:01:19 . Memory (MB): peak = 239.355 ; gain = 0.000
exit
INFO: xsimkernel Simulation Memory Usage: 14068 KB (Peak: 14068 KB), Simulation CPU Usage: 78202 ms
INFO: [Common 17-206] Exiting xsim at Fri Oct  9 16:21:37 2026...
