FAIL context snapshot ext=167 detect=0a7 frame=1111 color=0
FAIL 15-bit alignment ext=338 s2=0dd mode=1 frame=3001
FAIL backpressure hold raw1=296 ext=338 detect=338 raw2=0dd mode=1 frame=3001 sample=0043 color=1 type=10 amb=36 dc=a7 amb_epoch=4 dc_epoch=b capture_ready=0 transaction_ready=0
FAIL same-cycle replacement valid=1 raw1=1e9 ext=237 detect=237 raw2=000 mode=0 frame=4002 sample=0044 color=0 type=01 amb=40 dc=81 amb_epoch=5 dc_epoch=8
FAIL paired red coarse mode=0 frame=6100 color=0
FAIL paired IR coarse mode=0 frame=6100 pending=1
FAIL raw=000 ext=4/-4 detect=4/0 frame=0000
FAIL raw=001 ext=5/-3 detect=5/0 frame=0001
FAIL raw=002 ext=6/-2 detect=6/0 frame=0002
FAIL raw=003 ext=7/-1 detect=7/0 frame=0003
FAIL raw=004 ext=8/0 detect=8/0 frame=0004
FAIL raw=005 ext=9/1 detect=9/1 frame=0005
FAIL raw=006 ext=10/2 detect=10/2 frame=0006
FAIL raw=007 ext=11/3 detect=11/3 frame=0007
FAIL raw=008 ext=-4/4 detect=0/4 frame=0008
FAIL raw=009 ext=-3/5 detect=0/5 frame=0009
FAIL raw=00a ext=-2/6 detect=0/6 frame=000a
FAIL raw=00b ext=-1/7 detect=0/7 frame=000b
FAIL raw=00c ext=0/8 detect=0/8 frame=000c
FAIL raw=00d ext=1/9 detect=1/9 frame=000d
FAIL raw=00e ext=2/10 detect=2/10 frame=000e
FAIL raw=00f ext=3/11 detect=3/11 frame=000f
FAIL raw=010 ext=12/4 detect=12/4 frame=0010
FAIL raw=011 ext=13/5 detect=13/5 frame=0011
FAIL raw=012 ext=14/6 detect=14/6 frame=0012
FAIL raw=013 ext=15/7 detect=15/7 frame=0013
FAIL raw=014 ext=16/8 detect=16/8 frame=0014
FAIL raw=015 ext=17/9 detect=17/9 frame=0015
FAIL raw=016 ext=18/10 detect=18/10 frame=0016
FAIL raw=017 ext=19/11 detect=19/11 frame=0017
FAIL raw=018 ext=4/12 detect=4/12 frame=0018
FAIL raw=019 ext=5/13 detect=5/13 frame=0019
FAIL raw=01a ext=6/14 detect=6/14 frame=001a
FAIL raw=01b ext=7/15 detect=7/15 frame=001b
FAIL raw=01c ext=8/16 detect=8/16 frame=001c
FAIL raw=01d ext=9/17 detect=9/17 frame=001d
FAIL raw=01e ext=10/18 detect=10/18 frame=001e
FAIL raw=01f ext=11/19 detect=11/19 frame=001f
FAIL raw=020 ext=20/12 detect=20/12 frame=0020
FAIL raw=021 ext=21/13 detect=21/13 frame=0021
FAIL raw=022 ext=22/14 detect=22/14 frame=0022
FAIL raw=023 ext=23/15 detect=23/15 frame=0023
FAIL raw=024 ext=24/16 detect=24/16 frame=0024
FAIL raw=025 ext=25/17 detect=25/17 frame=0025
FAIL raw=026 ext=26/18 detect=26/18 frame=0026
FAIL raw=027 ext=27/19 detect=27/19 frame=0027
FAIL raw=028 ext=12/20 detect=12/20 frame=0028
FAIL raw=029 ext=13/21 detect=13/21 frame=0029
FAIL raw=02a ext=14/22 detect=14/22 frame=002a
FAIL raw=02b ext=15/23 detect=15/23 frame=002b
FAIL raw=02c ext=16/24 detect=16/24 frame=002c
FAIL raw=02d ext=17/25 detect=17/25 frame=002d
FAIL raw=02e ext=18/26 detect=18/26 frame=002e
FAIL raw=02f ext=19/27 detect=19/27 frame=002f
FAIL raw=030 ext=28/20 detect=28/20 frame=0030
FAIL raw=031 ext=29/21 detect=29/21 frame=0031
FAIL raw=032 ext=30/22 detect=30/22 frame=0032
FAIL raw=033 ext=31/23 detect=31/23 frame=0033
FAIL raw=034 ext=32/24 detect=32/24 frame=0034
FAIL raw=035 ext=33/25 detect=33/25 frame=0035
FAIL raw=036 ext=34/26 detect=34/26 frame=0036
FAIL raw=037 ext=35/27 detect=35/27 frame=0037
FAIL raw=038 ext=20/28 detect=20/28 frame=0038
FAIL raw=039 ext=21/29 detect=21/29 frame=0039
FAIL raw=03a ext=22/30 detect=22/30 frame=003a
FAIL raw=03b ext=23/31 detect=23/31 frame=003b
FAIL raw=03c ext=24/32 detect=24/32 frame=003c
FAIL raw=03d ext=25/33 detect=25/33 frame=003d
FAIL raw=03e ext=26/34 detect=26/34 frame=003e
FAIL raw=03f ext=27/35 detect=27/35 frame=003f
FAIL raw=040 ext=36/28 detect=36/28 frame=0040
FAIL raw=041 ext=37/29 detect=37/29 frame=0041
FAIL raw=042 ext=38/30 detect=38/30 frame=0042
FAIL raw=043 ext=39/31 detect=39/31 frame=0043
FAIL raw=044 ext=40/32 detect=40/32 frame=0044
FAIL raw=045 ext=41/33 detect=41/33 frame=0045
FAIL raw=046 ext=42/34 detect=42/34 frame=0046
FAIL raw=047 ext=43/35 detect=43/35 frame=0047
FAIL raw=048 ext=28/36 detect=28/36 frame=0048
FAIL raw=049 ext=29/37 detect=29/37 frame=0049
FAIL raw=04a ext=30/38 detect=30/38 frame=004a
FAIL raw=04b ext=31/39 detect=31/39 frame=004b
FAIL raw=04c ext=32/40 detect=32/40 frame=004c
FAIL raw=04d ext=33/41 detect=33/41 frame=004d
FAIL raw=04e ext=34/42 detect=34/42 frame=004e
FAIL raw=04f ext=35/43 detect=35/43 frame=004f
FAIL raw=050 ext=44/36 detect=44/36 frame=0050
FAIL raw=051 ext=45/37 detect=45/37 frame=0051
FAIL raw=052 ext=46/38 detect=46/38 frame=0052
FAIL raw=053 ext=47/39 detect=47/39 frame=0053
FAIL raw=054 ext=48/40 detect=48/40 frame=0054
FAIL raw=055 ext=49/41 detect=49/41 frame=0055
FAIL raw=056 ext=50/42 detect=50/42 frame=0056
FAIL raw=057 ext=51/43 detect=51/43 frame=0057
FAIL raw=058 ext=36/44 detect=36/44 frame=0058
FAIL raw=059 ext=37/45 detect=37/45 frame=0059
FAIL raw=05a ext=38/46 detect=38/46 frame=005a
FAIL raw=05b ext=39/47 detect=39/47 frame=005b
FAIL raw=05c ext=40/48 detect=40/48 frame=005c
FAIL raw=05d ext=41/49 detect=41/49 frame=005d
FAIL raw=05e ext=42/50 detect=42/50 frame=005e
FAIL raw=05f ext=43/51 detect=43/51 frame=005f
FAIL raw=060 ext=52/44 detect=52/44 frame=0060
FAIL raw=061 ext=53/45 detect=53/45 frame=0061
FAIL raw=062 ext=54/46 detect=54/46 frame=0062
FAIL raw=063 ext=55/47 detect=55/47 frame=0063
FAIL raw=064 ext=56/48 detect=56/48 frame=0064
FAIL raw=065 ext=57/49 detect=57/49 frame=0065
FAIL raw=066 ext=58/50 detect=58/50 frame=0066
FAIL raw=067 ext=59/51 detect=59/51 frame=0067
FAIL raw=068 ext=44/52 detect=44/52 frame=0068
FAIL raw=069 ext=45/53 detect=45/53 frame=0069
FAIL raw=06a ext=46/54 detect=46/54 frame=006a
FAIL raw=06b ext=47/55 detect=47/55 frame=006b
FAIL raw=06c ext=48/56 detect=48/56 frame=006c
FAIL raw=06d ext=49/57 detect=49/57 frame=006d
FAIL raw=06e ext=50/58 detect=50/58 frame=006e
FAIL raw=06f ext=51/59 detect=51/59 frame=006f
FAIL raw=070 ext=60/52 detect=60/52 frame=0070
FAIL raw=071 ext=61/53 detect=61/53 frame=0071
FAIL raw=072 ext=62/54 detect=62/54 frame=0072
FAIL raw=073 ext=63/55 detect=63/55 frame=0073
FAIL raw=074 ext=64/56 detect=64/56 frame=0074
FAIL raw=075 ext=65/57 detect=65/57 frame=0075
FAIL raw=076 ext=66/58 detect=66/58 frame=0076
FAIL raw=077 ext=67/59 detect=67/59 frame=0077
FAIL raw=078 ext=52/60 detect=52/60 frame=0078
FAIL raw=079 ext=53/61 detect=53/61 frame=0079
FAIL raw=07a ext=54/62 detect=54/62 frame=007a
FAIL raw=07b ext=55/63 detect=55/63 frame=007b
FAIL raw=07c ext=56/64 detect=56/64 frame=007c
FAIL raw=07d ext=57/65 detect=57/65 frame=007d
FAIL raw=07e ext=58/66 detect=58/66 frame=007e
FAIL raw=07f ext=59/67 detect=59/67 frame=007f
FAIL raw=080 ext=68/60 detect=68/60 frame=0080
FAIL raw=081 ext=69/61 detect=69/61 frame=0081
FAIL raw=082 ext=70/62 detect=70/62 frame=0082
FAIL raw=083 ext=71/63 detect=71/63 frame=0083
FAIL raw=084 ext=72/64 detect=72/64 frame=0084
FAIL raw=085 ext=73/65 detect=73/65 frame=0085
FAIL raw=086 ext=74/66 detect=74/66 frame=0086
FAIL raw=087 ext=75/67 detect=75/67 frame=0087
FAIL raw=088 ext=60/68 detect=60/68 frame=0088
FAIL raw=089 ext=61/69 detect=61/69 frame=0089
FAIL raw=08a ext=62/70 detect=62/70 frame=008a
FAIL raw=08b ext=63/71 detect=63/71 frame=008b
FAIL raw=08c ext=64/72 detect=64/72 frame=008c
FAIL raw=08d ext=65/73 detect=65/73 frame=008d
FAIL raw=08e ext=66/74 detect=66/74 frame=008e
FAIL raw=08f ext=67/75 detect=67/75 frame=008f
FAIL raw=090 ext=76/68 detect=76/68 frame=0090
FAIL raw=091 ext=77/69 detect=77/69 frame=0091
FAIL raw=092 ext=78/70 detect=78/70 frame=0092
FAIL raw=093 ext=79/71 detect=79/71 frame=0093
FAIL raw=094 ext=80/72 detect=80/72 frame=0094
FAIL raw=095 ext=81/73 detect=81/73 frame=0095
FAIL raw=096 ext=82/74 detect=82/74 frame=0096
FAIL raw=097 ext=83/75 detect=83/75 frame=0097
FAIL raw=098 ext=68/76 detect=68/76 frame=0098
FAIL raw=099 ext=69/77 detect=69/77 frame=0099
FAIL raw=09a ext=70/78 detect=70/78 frame=009a
FAIL raw=09b ext=71/79 detect=71/79 frame=009b
FAIL raw=09c ext=72/80 detect=72/80 frame=009c
FAIL raw=09d ext=73/81 detect=73/81 frame=009d
FAIL raw=09e ext=74/82 detect=74/82 frame=009e
FAIL raw=09f ext=75/83 detect=75/83 frame=009f
FAIL raw=0a0 ext=84/76 detect=84/76 frame=00a0
FAIL raw=0a1 ext=85/77 detect=85/77 frame=00a1
FAIL raw=0a2 ext=86/78 detect=86/78 frame=00a2
FAIL raw=0a3 ext=87/79 detect=87/79 frame=00a3
FAIL raw=0a4 ext=88/80 detect=88/80 frame=00a4
FAIL raw=0a5 ext=89/81 detect=89/81 frame=00a5
FAIL raw=0a6 ext=90/82 detect=90/82 frame=00a6
FAIL raw=0a7 ext=91/83 detect=91/83 frame=00a7
FAIL raw=0a8 ext=76/84 detect=76/84 frame=00a8
FAIL raw=0a9 ext=77/85 detect=77/85 frame=00a9
FAIL raw=0aa ext=78/86 detect=78/86 frame=00aa
FAIL raw=0ab ext=79/87 detect=79/87 frame=00ab
FAIL raw=0ac ext=80/88 detect=80/88 frame=00ac
FAIL raw=0ad ext=81/89 detect=81/89 frame=00ad
FAIL raw=0ae ext=82/90 detect=82/90 frame=00ae
FAIL raw=0af ext=83/91 detect=83/91 frame=00af
FAIL raw=0b0 ext=92/84 detect=92/84 frame=00b0
FAIL raw=0b1 ext=93/85 detect=93/85 frame=00b1
FAIL raw=0b2 ext=94/86 detect=94/86 frame=00b2
FAIL raw=0b3 ext=95/87 detect=95/87 frame=00b3
FAIL raw=0b4 ext=96/88 detect=96/88 frame=00b4
FAIL raw=0b5 ext=97/89 detect=97/89 frame=00b5
FAIL raw=0b6 ext=98/90 detect=98/90 frame=00b6
FAIL raw=0b7 ext=99/91 detect=99/91 frame=00b7
FAIL raw=0b8 ext=84/92 detect=84/92 frame=00b8
FAIL raw=0b9 ext=85/93 detect=85/93 frame=00b9
FAIL raw=0ba ext=86/94 detect=86/94 frame=00ba
FAIL raw=0bb ext=87/95 detect=87/95 frame=00bb
FAIL raw=0bc ext=88/96 detect=88/96 frame=00bc
FAIL raw=0bd ext=89/97 detect=89/97 frame=00bd
FAIL raw=0be ext=90/98 detect=90/98 frame=00be
FAIL raw=0bf ext=91/99 detect=91/99 frame=00bf
FAIL raw=0c0 ext=100/92 detect=100/92 frame=00c0
FAIL raw=0c1 ext=101/93 detect=101/93 frame=00c1
FAIL raw=0c2 ext=102/94 detect=102/94 frame=00c2
FAIL raw=0c3 ext=103/95 detect=103/95 frame=00c3
FAIL raw=0c4 ext=104/96 detect=104/96 frame=00c4
FAIL raw=0c5 ext=105/97 detect=105/97 frame=00c5
FAIL raw=0c6 ext=106/98 detect=106/98 frame=00c6
FAIL raw=0c7 ext=107/99 detect=107/99 frame=00c7
FAIL raw=0c8 ext=92/100 detect=92/100 frame=00c8
FAIL raw=0c9 ext=93/101 detect=93/101 frame=00c9
FAIL raw=0ca ext=94/102 detect=94/102 frame=00ca
FAIL raw=0cb ext=95/103 detect=95/103 frame=00cb
FAIL raw=0cc ext=96/104 detect=96/104 frame=00cc
FAIL raw=0cd ext=97/105 detect=97/105 frame=00cd
FAIL raw=0ce ext=98/106 detect=98/106 frame=00ce
FAIL raw=0cf ext=99/107 detect=99/107 frame=00cf
FAIL raw=0d0 ext=108/100 detect=108/100 frame=00d0
FAIL raw=0d1 ext=109/101 detect=109/101 frame=00d1
FAIL raw=0d2 ext=110/102 detect=110/102 frame=00d2
FAIL raw=0d3 ext=111/103 detect=111/103 frame=00d3
FAIL raw=0d4 ext=112/104 detect=112/104 frame=00d4
FAIL raw=0d5 ext=113/105 detect=113/105 frame=00d5
FAIL raw=0d6 ext=114/106 detect=114/106 frame=00d6
FAIL raw=0d7 ext=115/107 detect=115/107 frame=00d7
FAIL raw=0d8 ext=100/108 detect=100/108 frame=00d8
FAIL raw=0d9 ext=101/109 detect=101/109 frame=00d9
FAIL raw=0da ext=102/110 detect=102/110 frame=00da
FAIL raw=0db ext=103/111 detect=103/111 frame=00db
FAIL raw=0dc ext=104/112 detect=104/112 frame=00dc
FAIL raw=0dd ext=105/113 detect=105/113 frame=00dd
FAIL raw=0de ext=106/114 detect=106/114 frame=00de
FAIL raw=0df ext=107/115 detect=107/115 frame=00df
FAIL raw=0e0 ext=116/108 detect=116/108 frame=00e0
FAIL raw=0e1 ext=117/109 detect=117/109 frame=00e1
FAIL raw=0e2 ext=118/110 detect=118/110 frame=00e2
FAIL raw=0e3 ext=119/111 detect=119/111 frame=00e3
FAIL raw=0e4 ext=120/112 detect=120/112 frame=00e4
FAIL raw=0e5 ext=121/113 detect=121/113 frame=00e5
FAIL raw=0e6 ext=122/114 detect=122/114 frame=00e6
FAIL raw=0e7 ext=123/115 detect=123/115 frame=00e7
FAIL raw=0e8 ext=108/116 detect=108/116 frame=00e8
FAIL raw=0e9 ext=109/117 detect=109/117 frame=00e9
FAIL raw=0ea ext=110/118 detect=110/118 frame=00ea
FAIL raw=0eb ext=111/119 detect=111/119 frame=00eb
FAIL raw=0ec ext=112/120 detect=112/120 frame=00ec
FAIL raw=0ed ext=113/121 detect=113/121 frame=00ed
FAIL raw=0ee ext=114/122 detect=114/122 frame=00ee
FAIL raw=0ef ext=115/123 detect=115/123 frame=00ef
FAIL raw=0f0 ext=124/116 detect=124/116 frame=00f0
FAIL raw=0f1 ext=125/117 detect=125/117 frame=00f1
FAIL raw=0f2 ext=126/118 detect=126/118 frame=00f2
FAIL raw=0f3 ext=127/119 detect=127/119 frame=00f3
FAIL raw=0f4 ext=128/120 detect=128/120 frame=00f4
FAIL raw=0f5 ext=129/121 detect=129/121 frame=00f5
FAIL raw=0f6 ext=130/122 detect=130/122 frame=00f6
FAIL raw=0f7 ext=131/123 detect=131/123 frame=00f7
FAIL raw=0f8 ext=116/124 detect=116/124 frame=00f8
FAIL raw=0f9 ext=117/125 detect=117/125 frame=00f9
FAIL raw=0fa ext=118/126 detect=118/126 frame=00fa
FAIL raw=0fb ext=119/127 detect=119/127 frame=00fb
FAIL raw=0fc ext=120/128 detect=120/128 frame=00fc
FAIL raw=0fd ext=121/129 detect=121/129 frame=00fd
FAIL raw=0fe ext=122/130 detect=122/130 frame=00fe
FAIL raw=0ff ext=123/131 detect=123/131 frame=00ff
FAIL raw=100 ext=132/124 detect=132/124 frame=0100
FAIL raw=101 ext=133/125 detect=133/125 frame=0101
FAIL raw=102 ext=134/126 detect=134/126 frame=0102
FAIL raw=103 ext=135/127 detect=135/127 frame=0103
FAIL raw=104 ext=136/128 detect=136/128 frame=0104
FAIL raw=105 ext=137/129 detect=137/129 frame=0105
FAIL raw=106 ext=138/130 detect=138/130 frame=0106
FAIL raw=107 ext=139/131 detect=139/131 frame=0107
FAIL raw=108 ext=124/132 detect=124/132 frame=0108
FAIL raw=109 ext=125/133 detect=125/133 frame=0109
FAIL raw=10a ext=126/134 detect=126/134 frame=010a
FAIL raw=10b ext=127/135 detect=127/135 frame=010b
FAIL raw=10c ext=128/136 detect=128/136 frame=010c
FAIL raw=10d ext=129/137 detect=129/137 frame=010d
FAIL raw=10e ext=130/138 detect=130/138 frame=010e
FAIL raw=10f ext=131/139 detect=131/139 frame=010f
FAIL raw=110 ext=140/132 detect=140/132 frame=0110
FAIL raw=111 ext=141/133 detect=141/133 frame=0111
FAIL raw=112 ext=142/134 detect=142/134 frame=0112
FAIL raw=113 ext=143/135 detect=143/135 frame=0113
FAIL raw=114 ext=144/136 detect=144/136 frame=0114
FAIL raw=115 ext=145/137 detect=145/137 frame=0115
FAIL raw=116 ext=146/138 detect=146/138 frame=0116
FAIL raw=117 ext=147/139 detect=147/139 frame=0117
FAIL raw=118 ext=132/140 detect=132/140 frame=0118
FAIL raw=119 ext=133/141 detect=133/141 frame=0119
FAIL raw=11a ext=134/142 detect=134/142 frame=011a
FAIL raw=11b ext=135/143 detect=135/143 frame=011b
FAIL raw=11c ext=136/144 detect=136/144 frame=011c
FAIL raw=11d ext=137/145 detect=137/145 frame=011d
FAIL raw=11e ext=138/146 detect=138/146 frame=011e
FAIL raw=11f ext=139/147 detect=139/147 frame=011f
FAIL raw=120 ext=148/140 detect=148/140 frame=0120
FAIL raw=121 ext=149/141 detect=149/141 frame=0121
FAIL raw=122 ext=150/142 detect=150/142 frame=0122
FAIL raw=123 ext=151/143 detect=151/143 frame=0123
FAIL raw=124 ext=152/144 detect=152/144 frame=0124
FAIL raw=125 ext=153/145 detect=153/145 frame=0125
FAIL raw=126 ext=154/146 detect=154/146 frame=0126
FAIL raw=127 ext=155/147 detect=155/147 frame=0127
FAIL raw=128 ext=140/148 detect=140/148 frame=0128
FAIL raw=129 ext=141/149 detect=141/149 frame=0129
FAIL raw=12a ext=142/150 detect=142/150 frame=012a
FAIL raw=12b ext=143/151 detect=143/151 frame=012b
FAIL raw=12c ext=144/152 detect=144/152 frame=012c
FAIL raw=12d ext=145/153 detect=145/153 frame=012d
FAIL raw=12e ext=146/154 detect=146/154 frame=012e
FAIL raw=12f ext=147/155 detect=147/155 frame=012f
FAIL raw=130 ext=156/148 detect=156/148 frame=0130
FAIL raw=131 ext=157/149 detect=157/149 frame=0131
FAIL raw=132 ext=158/150 detect=158/150 frame=0132
FAIL raw=133 ext=159/151 detect=159/151 frame=0133
FAIL raw=134 ext=160/152 detect=160/152 frame=0134
FAIL raw=135 ext=161/153 detect=161/153 frame=0135
FAIL raw=136 ext=162/154 detect=162/154 frame=0136
FAIL raw=137 ext=163/155 detect=163/155 frame=0137
FAIL raw=138 ext=148/156 detect=148/156 frame=0138
FAIL raw=139 ext=149/157 detect=149/157 frame=0139
FAIL raw=13a ext=150/158 detect=150/158 frame=013a
FAIL raw=13b ext=151/159 detect=151/159 frame=013b
FAIL raw=13c ext=152/160 detect=152/160 frame=013c
FAIL raw=13d ext=153/161 detect=153/161 frame=013d
FAIL raw=13e ext=154/162 detect=154/162 frame=013e
FAIL raw=13f ext=155/163 detect=155/163 frame=013f
FAIL raw=140 ext=164/156 detect=164/156 frame=0140
FAIL raw=141 ext=165/157 detect=165/157 frame=0141
FAIL raw=142 ext=166/158 detect=166/158 frame=0142
FAIL raw=143 ext=167/159 detect=167/159 frame=0143
FAIL raw=144 ext=168/160 detect=168/160 frame=0144
FAIL raw=145 ext=169/161 detect=169/161 frame=0145
FAIL raw=146 ext=170/162 detect=170/162 frame=0146
FAIL raw=147 ext=171/163 detect=171/163 frame=0147
FAIL raw=148 ext=156/164 detect=156/164 frame=0148
FAIL raw=149 ext=157/165 detect=157/165 frame=0149
FAIL raw=14a ext=158/166 detect=158/166 frame=014a
FAIL raw=14b ext=159/167 detect=159/167 frame=014b
FAIL raw=14c ext=160/168 detect=160/168 frame=014c
FAIL raw=14d ext=161/169 detect=161/169 frame=014d
FAIL raw=14e ext=162/170 detect=162/170 frame=014e
FAIL raw=14f ext=163/171 detect=163/171 frame=014f
FAIL raw=150 ext=172/164 detect=172/164 frame=0150
FAIL raw=151 ext=173/165 detect=173/165 frame=0151
FAIL raw=152 ext=174/166 detect=174/166 frame=0152
FAIL raw=153 ext=175/167 detect=175/167 frame=0153
FAIL raw=154 ext=176/168 detect=176/168 frame=0154
FAIL raw=155 ext=177/169 detect=177/169 frame=0155
FAIL raw=156 ext=178/170 detect=178/170 frame=0156
FAIL raw=157 ext=179/171 detect=179/171 frame=0157
FAIL raw=158 ext=164/172 detect=164/172 frame=0158
FAIL raw=159 ext=165/173 detect=165/173 frame=0159
FAIL raw=15a ext=166/174 detect=166/174 frame=015a
FAIL raw=15b ext=167/175 detect=167/175 frame=015b
FAIL raw=15c ext=168/176 detect=168/176 frame=015c
FAIL raw=15d ext=169/177 detect=169/177 frame=015d
FAIL raw=15e ext=170/178 detect=170/178 frame=015e
FAIL raw=15f ext=171/179 detect=171/179 frame=015f
FAIL raw=160 ext=180/172 detect=180/172 frame=0160
FAIL raw=161 ext=181/173 detect=181/173 frame=0161
FAIL raw=162 ext=182/174 detect=182/174 frame=0162
FAIL raw=163 ext=183/175 detect=183/175 frame=0163
FAIL raw=164 ext=184/176 detect=184/176 frame=0164
FAIL raw=165 ext=185/177 detect=185/177 frame=0165
FAIL raw=166 ext=186/178 detect=186/178 frame=0166
FAIL raw=167 ext=187/179 detect=187/179 frame=0167
FAIL raw=168 ext=172/180 detect=172/180 frame=0168
FAIL raw=169 ext=173/181 detect=173/181 frame=0169
FAIL raw=16a ext=174/182 detect=174/182 frame=016a
FAIL raw=16b ext=175/183 detect=175/183 frame=016b
FAIL raw=16c ext=176/184 detect=176/184 frame=016c
FAIL raw=16d ext=177/185 detect=177/185 frame=016d
FAIL raw=16e ext=178/186 detect=178/186 frame=016e
FAIL raw=16f ext=179/187 detect=179/187 frame=016f
FAIL raw=170 ext=188/180 detect=188/180 frame=0170
FAIL raw=171 ext=189/181 detect=189/181 frame=0171
FAIL raw=172 ext=190/182 detect=190/182 frame=0172
FAIL raw=173 ext=191/183 detect=191/183 frame=0173
FAIL raw=174 ext=192/184 detect=192/184 frame=0174
FAIL raw=175 ext=193/185 detect=193/185 frame=0175
FAIL raw=176 ext=194/186 detect=194/186 frame=0176
FAIL raw=177 ext=195/187 detect=195/187 frame=0177
FAIL raw=178 ext=180/188 detect=180/188 frame=0178
FAIL raw=179 ext=181/189 detect=181/189 frame=0179
FAIL raw=17a ext=182/190 detect=182/190 frame=017a
FAIL raw=17b ext=183/191 detect=183/191 frame=017b
FAIL raw=17c ext=184/192 detect=184/192 frame=017c
FAIL raw=17d ext=185/193 detect=185/193 frame=017d
FAIL raw=17e ext=186/194 detect=186/194 frame=017e
FAIL raw=17f ext=187/195 detect=187/195 frame=017f
FAIL raw=180 ext=196/188 detect=196/188 frame=0180
FAIL raw=181 ext=197/189 detect=197/189 frame=0181
FAIL raw=182 ext=198/190 detect=198/190 frame=0182
FAIL raw=183 ext=199/191 detect=199/191 frame=0183
FAIL raw=184 ext=200/192 detect=200/192 frame=0184
FAIL raw=185 ext=201/193 detect=201/193 frame=0185
FAIL raw=186 ext=202/194 detect=202/194 frame=0186
FAIL raw=187 ext=203/195 detect=203/195 frame=0187
FAIL raw=188 ext=188/196 detect=188/196 frame=0188
FAIL raw=189 ext=189/197 detect=189/197 frame=0189
FAIL raw=18a ext=190/198 detect=190/198 frame=018a
FAIL raw=18b ext=191/199 detect=191/199 frame=018b
FAIL raw=18c ext=192/200 detect=192/200 frame=018c
FAIL raw=18d ext=193/201 detect=193/201 frame=018d
FAIL raw=18e ext=194/202 detect=194/202 frame=018e
FAIL raw=18f ext=195/203 detect=195/203 frame=018f
FAIL raw=190 ext=204/196 detect=204/196 frame=0190
FAIL raw=191 ext=205/197 detect=205/197 frame=0191
FAIL raw=192 ext=206/198 detect=206/198 frame=0192
FAIL raw=193 ext=207/199 detect=207/199 frame=0193
FAIL raw=194 ext=208/200 detect=208/200 frame=0194
FAIL raw=195 ext=209/201 detect=209/201 frame=0195
FAIL raw=196 ext=210/202 detect=210/202 frame=0196
FAIL raw=197 ext=211/203 detect=211/203 frame=0197
FAIL raw=198 ext=196/204 detect=196/204 frame=0198
FAIL raw=199 ext=197/205 detect=197/205 frame=0199
FAIL raw=19a ext=198/206 detect=198/206 frame=019a
FAIL raw=19b ext=199/207 detect=199/207 frame=019b
FAIL raw=19c ext=200/208 detect=200/208 frame=019c
FAIL raw=19d ext=201/209 detect=201/209 frame=019d
FAIL raw=19e ext=202/210 detect=202/210 frame=019e
FAIL raw=19f ext=203/211 detect=203/211 frame=019f
FAIL raw=1a0 ext=212/204 detect=212/204 frame=01a0
FAIL raw=1a1 ext=213/205 detect=213/205 frame=01a1
FAIL raw=1a2 ext=214/206 detect=214/206 frame=01a2
FAIL raw=1a3 ext=215/207 detect=215/207 frame=01a3
FAIL raw=1a4 ext=216/208 detect=216/208 frame=01a4
FAIL raw=1a5 ext=217/209 detect=217/209 frame=01a5
FAIL raw=1a6 ext=218/210 detect=218/210 frame=01a6
FAIL raw=1a7 ext=219/211 detect=219/211 frame=01a7
FAIL raw=1a8 ext=204/212 detect=204/212 frame=01a8
FAIL raw=1a9 ext=205/213 detect=205/213 frame=01a9
FAIL raw=1aa ext=206/214 detect=206/214 frame=01aa
FAIL raw=1ab ext=207/215 detect=207/215 frame=01ab
FAIL raw=1ac ext=208/216 detect=208/216 frame=01ac
FAIL raw=1ad ext=209/217 detect=209/217 frame=01ad
FAIL raw=1ae ext=210/218 detect=210/218 frame=01ae
FAIL raw=1af ext=211/219 detect=211/219 frame=01af
FAIL raw=1b0 ext=220/212 detect=220/212 frame=01b0
FAIL raw=1b1 ext=221/213 detect=221/213 frame=01b1
FAIL raw=1b2 ext=222/214 detect=222/214 frame=01b2
FAIL raw=1b3 ext=223/215 detect=223/215 frame=01b3
FAIL raw=1b4 ext=224/216 detect=224/216 frame=01b4
FAIL raw=1b5 ext=225/217 detect=225/217 frame=01b5
FAIL raw=1b6 ext=226/218 detect=226/218 frame=01b6
FAIL raw=1b7 ext=227/219 detect=227/219 frame=01b7
FAIL raw=1b8 ext=212/220 detect=212/220 frame=01b8
FAIL raw=1b9 ext=213/221 detect=213/221 frame=01b9
FAIL raw=1ba ext=214/222 detect=214/222 frame=01ba
FAIL raw=1bb ext=215/223 detect=215/223 frame=01bb
FAIL raw=1bc ext=216/224 detect=216/224 frame=01bc
FAIL raw=1bd ext=217/225 detect=217/225 frame=01bd
FAIL raw=1be ext=218/226 detect=218/226 frame=01be
FAIL raw=1bf ext=219/227 detect=219/227 frame=01bf
FAIL raw=1c0 ext=228/220 detect=228/220 frame=01c0
FAIL raw=1c1 ext=229/221 detect=229/221 frame=01c1
FAIL raw=1c2 ext=230/222 detect=230/222 frame=01c2
FAIL raw=1c3 ext=231/223 detect=231/223 frame=01c3
FAIL raw=1c4 ext=232/224 detect=232/224 frame=01c4
FAIL raw=1c5 ext=233/225 detect=233/225 frame=01c5
FAIL raw=1c6 ext=234/226 detect=234/226 frame=01c6
FAIL raw=1c7 ext=235/227 detect=235/227 frame=01c7
FAIL raw=1c8 ext=220/228 detect=220/228 frame=01c8
FAIL raw=1c9 ext=221/229 detect=221/229 frame=01c9
FAIL raw=1ca ext=222/230 detect=222/230 frame=01ca
FAIL raw=1cb ext=223/231 detect=223/231 frame=01cb
FAIL raw=1cc ext=224/232 detect=224/232 frame=01cc
FAIL raw=1cd ext=225/233 detect=225/233 frame=01cd
FAIL raw=1ce ext=226/234 detect=226/234 frame=01ce
FAIL raw=1cf ext=227/235 detect=227/235 frame=01cf
FAIL raw=1d0 ext=236/228 detect=236/228 frame=01d0
FAIL raw=1d1 ext=237/229 detect=237/229 frame=01d1
FAIL raw=1d2 ext=238/230 detect=238/230 frame=01d2
FAIL raw=1d3 ext=239/231 detect=239/231 frame=01d3
FAIL raw=1d4 ext=240/232 detect=240/232 frame=01d4
FAIL raw=1d5 ext=241/233 detect=241/233 frame=01d5
FAIL raw=1d6 ext=242/234 detect=242/234 frame=01d6
FAIL raw=1d7 ext=243/235 detect=243/235 frame=01d7
FAIL raw=1d8 ext=228/236 detect=228/236 frame=01d8
FAIL raw=1d9 ext=229/237 detect=229/237 frame=01d9
FAIL raw=1da ext=230/238 detect=230/238 frame=01da
FAIL raw=1db ext=231/239 detect=231/239 frame=01db
FAIL raw=1dc ext=232/240 detect=232/240 frame=01dc
FAIL raw=1dd ext=233/241 detect=233/241 frame=01dd
FAIL raw=1de ext=234/242 detect=234/242 frame=01de
FAIL raw=1df ext=235/243 detect=235/243 frame=01df
FAIL raw=1e0 ext=244/236 detect=244/236 frame=01e0
FAIL raw=1e1 ext=245/237 detect=245/237 frame=01e1
FAIL raw=1e2 ext=246/238 detect=246/238 frame=01e2
FAIL raw=1e3 ext=247/239 detect=247/239 frame=01e3
FAIL raw=1e4 ext=248/240 detect=248/240 frame=01e4
FAIL raw=1e5 ext=249/241 detect=249/241 frame=01e5
FAIL raw=1e6 ext=250/242 detect=250/242 frame=01e6
FAIL raw=1e7 ext=251/243 detect=251/243 frame=01e7
FAIL raw=1e8 ext=236/244 detect=236/244 frame=01e8
FAIL raw=1e9 ext=237/245 detect=237/245 frame=01e9
FAIL raw=1ea ext=238/246 detect=238/246 frame=01ea
FAIL raw=1eb ext=239/247 detect=239/247 frame=01eb
FAIL raw=1ec ext=240/248 detect=240/248 frame=01ec
FAIL raw=1ed ext=241/249 detect=241/249 frame=01ed
FAIL raw=1ee ext=242/250 detect=242/250 frame=01ee
FAIL raw=1ef ext=243/251 detect=243/251 frame=01ef
FAIL raw=1f0 ext=252/244 detect=252/244 frame=01f0
FAIL raw=1f1 ext=253/245 detect=253/245 frame=01f1
FAIL raw=1f2 ext=254/246 detect=254/246 frame=01f2
FAIL raw=1f3 ext=255/247 detect=255/247 frame=01f3
FAIL raw=1f4 ext=256/248 detect=256/248 frame=01f4
FAIL raw=1f5 ext=257/249 detect=257/249 frame=01f5
FAIL raw=1f6 ext=258/250 detect=258/250 frame=01f6
FAIL raw=1f7 ext=259/251 detect=259/251 frame=01f7
FAIL raw=1f8 ext=244/252 detect=244/252 frame=01f8
FAIL raw=1f9 ext=245/253 detect=245/253 frame=01f9
FAIL raw=1fa ext=246/254 detect=246/254 frame=01fa
FAIL raw=1fb ext=247/255 detect=247/255 frame=01fb
FAIL raw=1fc ext=248/256 detect=248/256 frame=01fc
FAIL raw=1fd ext=249/257 detect=249/257 frame=01fd
FAIL raw=1fe ext=250/258 detect=250/258 frame=01fe
FAIL raw=1ff ext=251/259 detect=251/259 frame=01ff
FAIL raw=200 ext=260/252 detect=260/252 frame=0200
FAIL raw=201 ext=261/253 detect=261/253 frame=0201
FAIL raw=202 ext=262/254 detect=262/254 frame=0202
FAIL raw=203 ext=263/255 detect=263/255 frame=0203
FAIL raw=204 ext=264/256 detect=264/256 frame=0204
FAIL raw=205 ext=265/257 detect=265/257 frame=0205
FAIL raw=206 ext=266/258 detect=266/258 frame=0206
FAIL raw=207 ext=267/259 detect=267/259 frame=0207
FAIL raw=208 ext=252/260 detect=252/260 frame=0208
FAIL raw=209 ext=253/261 detect=253/261 frame=0209
FAIL raw=20a ext=254/262 detect=254/262 frame=020a
FAIL raw=20b ext=255/263 detect=255/263 frame=020b
FAIL raw=20c ext=256/264 detect=256/264 frame=020c
FAIL raw=20d ext=257/265 detect=257/265 frame=020d
FAIL raw=20e ext=258/266 detect=258/266 frame=020e
FAIL raw=20f ext=259/267 detect=259/267 frame=020f
FAIL raw=210 ext=268/260 detect=268/260 frame=0210
FAIL raw=211 ext=269/261 detect=269/261 frame=0211
FAIL raw=212 ext=270/262 detect=270/262 frame=0212
FAIL raw=213 ext=271/263 detect=271/263 frame=0213
FAIL raw=214 ext=272/264 detect=272/264 frame=0214
FAIL raw=215 ext=273/265 detect=273/265 frame=0215
FAIL raw=216 ext=274/266 detect=274/266 frame=0216
FAIL raw=217 ext=275/267 detect=275/267 frame=0217
FAIL raw=218 ext=260/268 detect=260/268 frame=0218
FAIL raw=219 ext=261/269 detect=261/269 frame=0219
FAIL raw=21a ext=262/270 detect=262/270 frame=021a
FAIL raw=21b ext=263/271 detect=263/271 frame=021b
FAIL raw=21c ext=264/272 detect=264/272 frame=021c
FAIL raw=21d ext=265/273 detect=265/273 frame=021d
FAIL raw=21e ext=266/274 detect=266/274 frame=021e
FAIL raw=21f ext=267/275 detect=267/275 frame=021f
FAIL raw=220 ext=276/268 detect=276/268 frame=0220
FAIL raw=221 ext=277/269 detect=277/269 frame=0221
FAIL raw=222 ext=278/270 detect=278/270 frame=0222
FAIL raw=223 ext=279/271 detect=279/271 frame=0223
FAIL raw=224 ext=280/272 detect=280/272 frame=0224
FAIL raw=225 ext=281/273 detect=281/273 frame=0225
FAIL raw=226 ext=282/274 detect=282/274 frame=0226
FAIL raw=227 ext=283/275 detect=283/275 frame=0227
FAIL raw=228 ext=268/276 detect=268/276 frame=0228
FAIL raw=229 ext=269/277 detect=269/277 frame=0229
FAIL raw=22a ext=270/278 detect=270/278 frame=022a
FAIL raw=22b ext=271/279 detect=271/279 frame=022b
FAIL raw=22c ext=272/280 detect=272/280 frame=022c
FAIL raw=22d ext=273/281 detect=273/281 frame=022d
FAIL raw=22e ext=274/282 detect=274/282 frame=022e
FAIL raw=22f ext=275/283 detect=275/283 frame=022f
FAIL raw=230 ext=284/276 detect=284/276 frame=0230
FAIL raw=231 ext=285/277 detect=285/277 frame=0231
FAIL raw=232 ext=286/278 detect=286/278 frame=0232
FAIL raw=233 ext=287/279 detect=287/279 frame=0233
FAIL raw=234 ext=288/280 detect=288/280 frame=0234
FAIL raw=235 ext=289/281 detect=289/281 frame=0235
FAIL raw=236 ext=290/282 detect=290/282 frame=0236
FAIL raw=237 ext=291/283 detect=291/283 frame=0237
FAIL raw=238 ext=276/284 detect=276/284 frame=0238
FAIL raw=239 ext=277/285 detect=277/285 frame=0239
FAIL raw=23a ext=278/286 detect=278/286 frame=023a
FAIL raw=23b ext=279/287 detect=279/287 frame=023b
FAIL raw=23c ext=280/288 detect=280/288 frame=023c
FAIL raw=23d ext=281/289 detect=281/289 frame=023d
FAIL raw=23e ext=282/290 detect=282/290 frame=023e
FAIL raw=23f ext=283/291 detect=283/291 frame=023f
FAIL raw=240 ext=292/284 detect=292/284 frame=0240
FAIL raw=241 ext=293/285 detect=293/285 frame=0241
FAIL raw=242 ext=294/286 detect=294/286 frame=0242
FAIL raw=243 ext=295/287 detect=295/287 frame=0243
FAIL raw=244 ext=296/288 detect=296/288 frame=0244
FAIL raw=245 ext=297/289 detect=297/289 frame=0245
FAIL raw=246 ext=298/290 detect=298/290 frame=0246
FAIL raw=247 ext=299/291 detect=299/291 frame=0247
FAIL raw=248 ext=284/292 detect=284/292 frame=0248
FAIL raw=249 ext=285/293 detect=285/293 frame=0249
FAIL raw=24a ext=286/294 detect=286/294 frame=024a
FAIL raw=24b ext=287/295 detect=287/295 frame=024b
FAIL raw=24c ext=288/296 detect=288/296 frame=024c
FAIL raw=24d ext=289/297 detect=289/297 frame=024d
FAIL raw=24e ext=290/298 detect=290/298 frame=024e
FAIL raw=24f ext=291/299 detect=291/299 frame=024f
FAIL raw=250 ext=300/292 detect=300/292 frame=0250
FAIL raw=251 ext=301/293 detect=301/293 frame=0251
FAIL raw=252 ext=302/294 detect=302/294 frame=0252
FAIL raw=253 ext=303/295 detect=303/295 frame=0253
FAIL raw=254 ext=304/296 detect=304/296 frame=0254
FAIL raw=255 ext=305/297 detect=305/297 frame=0255
FAIL raw=256 ext=306/298 detect=306/298 frame=0256
FAIL raw=257 ext=307/299 detect=307/299 frame=0257
FAIL raw=258 ext=292/300 detect=292/300 frame=0258
FAIL raw=259 ext=293/301 detect=293/301 frame=0259
FAIL raw=25a ext=294/302 detect=294/302 frame=025a
FAIL raw=25b ext=295/303 detect=295/303 frame=025b
FAIL raw=25c ext=296/304 detect=296/304 frame=025c
FAIL raw=25d ext=297/305 detect=297/305 frame=025d
FAIL raw=25e ext=298/306 detect=298/306 frame=025e
FAIL raw=25f ext=299/307 detect=299/307 frame=025f
FAIL raw=260 ext=308/300 detect=308/300 frame=0260
FAIL raw=261 ext=309/301 detect=309/301 frame=0261
FAIL raw=262 ext=310/302 detect=310/302 frame=0262
FAIL raw=263 ext=311/303 detect=311/303 frame=0263
FAIL raw=264 ext=312/304 detect=312/304 frame=0264
FAIL raw=265 ext=313/305 detect=313/305 frame=0265
FAIL raw=266 ext=314/306 detect=314/306 frame=0266
FAIL raw=267 ext=315/307 detect=315/307 frame=0267
FAIL raw=268 ext=300/308 detect=300/308 frame=0268
FAIL raw=269 ext=301/309 detect=301/309 frame=0269
FAIL raw=26a ext=302/310 detect=302/310 frame=026a
FAIL raw=26b ext=303/311 detect=303/311 frame=026b
FAIL raw=26c ext=304/312 detect=304/312 frame=026c
FAIL raw=26d ext=305/313 detect=305/313 frame=026d
FAIL raw=26e ext=306/314 detect=306/314 frame=026e
FAIL raw=26f ext=307/315 detect=307/315 frame=026f
FAIL raw=270 ext=316/308 detect=316/308 frame=0270
FAIL raw=271 ext=317/309 detect=317/309 frame=0271
FAIL raw=272 ext=318/310 detect=318/310 frame=0272
FAIL raw=273 ext=319/311 detect=319/311 frame=0273
FAIL raw=274 ext=320/312 detect=320/312 frame=0274
FAIL raw=275 ext=321/313 detect=321/313 frame=0275
FAIL raw=276 ext=322/314 detect=322/314 frame=0276
FAIL raw=277 ext=323/315 detect=323/315 frame=0277
FAIL raw=278 ext=308/316 detect=308/316 frame=0278
FAIL raw=279 ext=309/317 detect=309/317 frame=0279
FAIL raw=27a ext=310/318 detect=310/318 frame=027a
FAIL raw=27b ext=311/319 detect=311/319 frame=027b
FAIL raw=27c ext=312/320 detect=312/320 frame=027c
FAIL raw=27d ext=313/321 detect=313/321 frame=027d
FAIL raw=27e ext=314/322 detect=314/322 frame=027e
FAIL raw=27f ext=315/323 detect=315/323 frame=027f
FAIL raw=280 ext=324/316 detect=324/316 frame=0280
FAIL raw=281 ext=325/317 detect=325/317 frame=0281
FAIL raw=282 ext=326/318 detect=326/318 frame=0282
FAIL raw=283 ext=327/319 detect=327/319 frame=0283
FAIL raw=284 ext=328/320 detect=328/320 frame=0284
FAIL raw=285 ext=329/321 detect=329/321 frame=0285
FAIL raw=286 ext=330/322 detect=330/322 frame=0286
FAIL raw=287 ext=331/323 detect=331/323 frame=0287
FAIL raw=288 ext=316/324 detect=316/324 frame=0288
FAIL raw=289 ext=317/325 detect=317/325 frame=0289
FAIL raw=28a ext=318/326 detect=318/326 frame=028a
FAIL raw=28b ext=319/327 detect=319/327 frame=028b
FAIL raw=28c ext=320/328 detect=320/328 frame=028c
FAIL raw=28d ext=321/329 detect=321/329 frame=028d
FAIL raw=28e ext=322/330 detect=322/330 frame=028e
FAIL raw=28f ext=323/331 detect=323/331 frame=028f
FAIL raw=290 ext=332/324 detect=332/324 frame=0290
FAIL raw=291 ext=333/325 detect=333/325 frame=0291
FAIL raw=292 ext=334/326 detect=334/326 frame=0292
FAIL raw=293 ext=335/327 detect=335/327 frame=0293
FAIL raw=294 ext=336/328 detect=336/328 frame=0294
FAIL raw=295 ext=337/329 detect=337/329 frame=0295
FAIL raw=296 ext=338/330 detect=338/330 frame=0296
FAIL raw=297 ext=339/331 detect=339/331 frame=0297
FAIL raw=298 ext=324/332 detect=324/332 frame=0298
FAIL raw=299 ext=325/333 detect=325/333 frame=0299
FAIL raw=29a ext=326/334 detect=326/334 frame=029a
FAIL raw=29b ext=327/335 detect=327/335 frame=029b
FAIL raw=29c ext=328/336 detect=328/336 frame=029c
FAIL raw=29d ext=329/337 detect=329/337 frame=029d
FAIL raw=29e ext=330/338 detect=330/338 frame=029e
FAIL raw=29f ext=331/339 detect=331/339 frame=029f
FAIL raw=2a0 ext=340/332 detect=340/332 frame=02a0
FAIL raw=2a1 ext=341/333 detect=341/333 frame=02a1
FAIL raw=2a2 ext=342/334 detect=342/334 frame=02a2
FAIL raw=2a3 ext=343/335 detect=343/335 frame=02a3
FAIL raw=2a4 ext=344/336 detect=344/336 frame=02a4
FAIL raw=2a5 ext=345/337 detect=345/337 frame=02a5
FAIL raw=2a6 ext=346/338 detect=346/338 frame=02a6
FAIL raw=2a7 ext=347/339 detect=347/339 frame=02a7
FAIL raw=2a8 ext=332/340 detect=332/340 frame=02a8
FAIL raw=2a9 ext=333/341 detect=333/341 frame=02a9
FAIL raw=2aa ext=334/342 detect=334/342 frame=02aa
FAIL raw=2ab ext=335/343 detect=335/343 frame=02ab
FAIL raw=2ac ext=336/344 detect=336/344 frame=02ac
FAIL raw=2ad ext=337/345 detect=337/345 frame=02ad
FAIL raw=2ae ext=338/346 detect=338/346 frame=02ae
FAIL raw=2af ext=339/347 detect=339/347 frame=02af
FAIL raw=2b0 ext=348/340 detect=348/340 frame=02b0
FAIL raw=2b1 ext=349/341 detect=349/341 frame=02b1
FAIL raw=2b2 ext=350/342 detect=350/342 frame=02b2
FAIL raw=2b3 ext=351/343 detect=351/343 frame=02b3
FAIL raw=2b4 ext=352/344 detect=352/344 frame=02b4
FAIL raw=2b5 ext=353/345 detect=353/345 frame=02b5
FAIL raw=2b6 ext=354/346 detect=354/346 frame=02b6
FAIL raw=2b7 ext=355/347 detect=355/347 frame=02b7
FAIL raw=2b8 ext=340/348 detect=340/348 frame=02b8
FAIL raw=2b9 ext=341/349 detect=341/349 frame=02b9
FAIL raw=2ba ext=342/350 detect=342/350 frame=02ba
FAIL raw=2bb ext=343/351 detect=343/351 frame=02bb
FAIL raw=2bc ext=344/352 detect=344/352 frame=02bc
FAIL raw=2bd ext=345/353 detect=345/353 frame=02bd
FAIL raw=2be ext=346/354 detect=346/354 frame=02be
FAIL raw=2bf ext=347/355 detect=347/355 frame=02bf
FAIL raw=2c0 ext=356/348 detect=356/348 frame=02c0
FAIL raw=2c1 ext=357/349 detect=357/349 frame=02c1
FAIL raw=2c2 ext=358/350 detect=358/350 frame=02c2
FAIL raw=2c3 ext=359/351 detect=359/351 frame=02c3
FAIL raw=2c4 ext=360/352 detect=360/352 frame=02c4
FAIL raw=2c5 ext=361/353 detect=361/353 frame=02c5
FAIL raw=2c6 ext=362/354 detect=362/354 frame=02c6
FAIL raw=2c7 ext=363/355 detect=363/355 frame=02c7
FAIL raw=2c8 ext=348/356 detect=348/356 frame=02c8
FAIL raw=2c9 ext=349/357 detect=349/357 frame=02c9
FAIL raw=2ca ext=350/358 detect=350/358 frame=02ca
FAIL raw=2cb ext=351/359 detect=351/359 frame=02cb
FAIL raw=2cc ext=352/360 detect=352/360 frame=02cc
FAIL raw=2cd ext=353/361 detect=353/361 frame=02cd
FAIL raw=2ce ext=354/362 detect=354/362 frame=02ce
FAIL raw=2cf ext=355/363 detect=355/363 frame=02cf
FAIL raw=2d0 ext=364/356 detect=364/356 frame=02d0
FAIL raw=2d1 ext=365/357 detect=365/357 frame=02d1
FAIL raw=2d2 ext=366/358 detect=366/358 frame=02d2
FAIL raw=2d3 ext=367/359 detect=367/359 frame=02d3
FAIL raw=2d4 ext=368/360 detect=368/360 frame=02d4
FAIL raw=2d5 ext=369/361 detect=369/361 frame=02d5
FAIL raw=2d6 ext=370/362 detect=370/362 frame=02d6
FAIL raw=2d7 ext=371/363 detect=371/363 frame=02d7
FAIL raw=2d8 ext=356/364 detect=356/364 frame=02d8
FAIL raw=2d9 ext=357/365 detect=357/365 frame=02d9
FAIL raw=2da ext=358/366 detect=358/366 frame=02da
FAIL raw=2db ext=359/367 detect=359/367 frame=02db
FAIL raw=2dc ext=360/368 detect=360/368 frame=02dc
FAIL raw=2dd ext=361/369 detect=361/369 frame=02dd
FAIL raw=2de ext=362/370 detect=362/370 frame=02de
FAIL raw=2df ext=363/371 detect=363/371 frame=02df
FAIL raw=2e0 ext=372/364 detect=372/364 frame=02e0
FAIL raw=2e1 ext=373/365 detect=373/365 frame=02e1
FAIL raw=2e2 ext=374/366 detect=374/366 frame=02e2
FAIL raw=2e3 ext=375/367 detect=375/367 frame=02e3
FAIL raw=2e4 ext=376/368 detect=376/368 frame=02e4
FAIL raw=2e5 ext=377/369 detect=377/369 frame=02e5
FAIL raw=2e6 ext=378/370 detect=378/370 frame=02e6
FAIL raw=2e7 ext=379/371 detect=379/371 frame=02e7
FAIL raw=2e8 ext=364/372 detect=364/372 frame=02e8
FAIL raw=2e9 ext=365/373 detect=365/373 frame=02e9
FAIL raw=2ea ext=366/374 detect=366/374 frame=02ea
FAIL raw=2eb ext=367/375 detect=367/375 frame=02eb
FAIL raw=2ec ext=368/376 detect=368/376 frame=02ec
FAIL raw=2ed ext=369/377 detect=369/377 frame=02ed
FAIL raw=2ee ext=370/378 detect=370/378 frame=02ee
FAIL raw=2ef ext=371/379 detect=371/379 frame=02ef
FAIL raw=2f0 ext=380/372 detect=380/372 frame=02f0
FAIL raw=2f1 ext=381/373 detect=381/373 frame=02f1
FAIL raw=2f2 ext=382/374 detect=382/374 frame=02f2
FAIL raw=2f3 ext=383/375 detect=383/375 frame=02f3
FAIL raw=2f4 ext=384/376 detect=384/376 frame=02f4
FAIL raw=2f5 ext=385/377 detect=385/377 frame=02f5
FAIL raw=2f6 ext=386/378 detect=386/378 frame=02f6
FAIL raw=2f7 ext=387/379 detect=387/379 frame=02f7
FAIL raw=2f8 ext=372/380 detect=372/380 frame=02f8
FAIL raw=2f9 ext=373/381 detect=373/381 frame=02f9
FAIL raw=2fa ext=374/382 detect=374/382 frame=02fa
FAIL raw=2fb ext=375/383 detect=375/383 frame=02fb
FAIL raw=2fc ext=376/384 detect=376/384 frame=02fc
FAIL raw=2fd ext=377/385 detect=377/385 frame=02fd
FAIL raw=2fe ext=378/386 detect=378/386 frame=02fe
FAIL raw=2ff ext=379/387 detect=379/387 frame=02ff
FAIL raw=300 ext=388/380 detect=388/380 frame=0300
FAIL raw=301 ext=389/381 detect=389/381 frame=0301
FAIL raw=302 ext=390/382 detect=390/382 frame=0302
FAIL raw=303 ext=391/383 detect=391/383 frame=0303
FAIL raw=304 ext=392/384 detect=392/384 frame=0304
FAIL raw=305 ext=393/385 detect=393/385 frame=0305
FAIL raw=306 ext=394/386 detect=394/386 frame=0306
FAIL raw=307 ext=395/387 detect=395/387 frame=0307
FAIL raw=308 ext=380/388 detect=380/388 frame=0308
FAIL raw=309 ext=381/389 detect=381/389 frame=0309
FAIL raw=30a ext=382/390 detect=382/390 frame=030a
FAIL raw=30b ext=383/391 detect=383/391 frame=030b
FAIL raw=30c ext=384/392 detect=384/392 frame=030c
FAIL raw=30d ext=385/393 detect=385/393 frame=030d
FAIL raw=30e ext=386/394 detect=386/394 frame=030e
FAIL raw=30f ext=387/395 detect=387/395 frame=030f
FAIL raw=310 ext=396/388 detect=396/388 frame=0310
FAIL raw=311 ext=397/389 detect=397/389 frame=0311
FAIL raw=312 ext=398/390 detect=398/390 frame=0312
FAIL raw=313 ext=399/391 detect=399/391 frame=0313
FAIL raw=314 ext=400/392 detect=400/392 frame=0314
FAIL raw=315 ext=401/393 detect=401/393 frame=0315
FAIL raw=316 ext=402/394 detect=402/394 frame=0316
FAIL raw=317 ext=403/395 detect=403/395 frame=0317
FAIL raw=318 ext=388/396 detect=388/396 frame=0318
FAIL raw=319 ext=389/397 detect=389/397 frame=0319
FAIL raw=31a ext=390/398 detect=390/398 frame=031a
FAIL raw=31b ext=391/399 detect=391/399 frame=031b
FAIL raw=31c ext=392/400 detect=392/400 frame=031c
FAIL raw=31d ext=393/401 detect=393/401 frame=031d
FAIL raw=31e ext=394/402 detect=394/402 frame=031e
FAIL raw=31f ext=395/403 detect=395/403 frame=031f
FAIL raw=320 ext=404/396 detect=404/396 frame=0320
FAIL raw=321 ext=405/397 detect=405/397 frame=0321
FAIL raw=322 ext=406/398 detect=406/398 frame=0322
FAIL raw=323 ext=407/399 detect=407/399 frame=0323
FAIL raw=324 ext=408/400 detect=408/400 frame=0324
FAIL raw=325 ext=409/401 detect=409/401 frame=0325
FAIL raw=326 ext=410/402 detect=410/402 frame=0326
FAIL raw=327 ext=411/403 detect=411/403 frame=0327
FAIL raw=328 ext=396/404 detect=396/404 frame=0328
FAIL raw=329 ext=397/405 detect=397/405 frame=0329
FAIL raw=32a ext=398/406 detect=398/406 frame=032a
FAIL raw=32b ext=399/407 detect=399/407 frame=032b
FAIL raw=32c ext=400/408 detect=400/408 frame=032c
FAIL raw=32d ext=401/409 detect=401/409 frame=032d
FAIL raw=32e ext=402/410 detect=402/410 frame=032e
FAIL raw=32f ext=403/411 detect=403/411 frame=032f
FAIL raw=330 ext=412/404 detect=412/404 frame=0330
FAIL raw=331 ext=413/405 detect=413/405 frame=0331
FAIL raw=332 ext=414/406 detect=414/406 frame=0332
FAIL raw=333 ext=415/407 detect=415/407 frame=0333
FAIL raw=334 ext=416/408 detect=416/408 frame=0334
FAIL raw=335 ext=417/409 detect=417/409 frame=0335
FAIL raw=336 ext=418/410 detect=418/410 frame=0336
FAIL raw=337 ext=419/411 detect=419/411 frame=0337
FAIL raw=338 ext=404/412 detect=404/412 frame=0338
FAIL raw=339 ext=405/413 detect=405/413 frame=0339
FAIL raw=33a ext=406/414 detect=406/414 frame=033a
FAIL raw=33b ext=407/415 detect=407/415 frame=033b
FAIL raw=33c ext=408/416 detect=408/416 frame=033c
FAIL raw=33d ext=409/417 detect=409/417 frame=033d
FAIL raw=33e ext=410/418 detect=410/418 frame=033e
FAIL raw=33f ext=411/419 detect=411/419 frame=033f
FAIL raw=340 ext=420/412 detect=420/412 frame=0340
FAIL raw=341 ext=421/413 detect=421/413 frame=0341
FAIL raw=342 ext=422/414 detect=422/414 frame=0342
FAIL raw=343 ext=423/415 detect=423/415 frame=0343
FAIL raw=344 ext=424/416 detect=424/416 frame=0344
FAIL raw=345 ext=425/417 detect=425/417 frame=0345
FAIL raw=346 ext=426/418 detect=426/418 frame=0346
FAIL raw=347 ext=427/419 detect=427/419 frame=0347
FAIL raw=348 ext=412/420 detect=412/420 frame=0348
FAIL raw=349 ext=413/421 detect=413/421 frame=0349
FAIL raw=34a ext=414/422 detect=414/422 frame=034a
FAIL raw=34b ext=415/423 detect=415/423 frame=034b
FAIL raw=34c ext=416/424 detect=416/424 frame=034c
FAIL raw=34d ext=417/425 detect=417/425 frame=034d
FAIL raw=34e ext=418/426 detect=418/426 frame=034e
FAIL raw=34f ext=419/427 detect=419/427 frame=034f
FAIL raw=350 ext=428/420 detect=428/420 frame=0350
FAIL raw=351 ext=429/421 detect=429/421 frame=0351
FAIL raw=352 ext=430/422 detect=430/422 frame=0352
FAIL raw=353 ext=431/423 detect=431/423 frame=0353
FAIL raw=354 ext=432/424 detect=432/424 frame=0354
FAIL raw=355 ext=433/425 detect=433/425 frame=0355
FAIL raw=356 ext=434/426 detect=434/426 frame=0356
FAIL raw=357 ext=435/427 detect=435/427 frame=0357
FAIL raw=358 ext=420/428 detect=420/428 frame=0358
FAIL raw=359 ext=421/429 detect=421/429 frame=0359
FAIL raw=35a ext=422/430 detect=422/430 frame=035a
FAIL raw=35b ext=423/431 detect=423/431 frame=035b
FAIL raw=35c ext=424/432 detect=424/432 frame=035c
FAIL raw=35d ext=425/433 detect=425/433 frame=035d
FAIL raw=35e ext=426/434 detect=426/434 frame=035e
FAIL raw=35f ext=427/435 detect=427/435 frame=035f
FAIL raw=360 ext=436/428 detect=436/428 frame=0360
FAIL raw=361 ext=437/429 detect=437/429 frame=0361
FAIL raw=362 ext=438/430 detect=438/430 frame=0362
FAIL raw=363 ext=439/431 detect=439/431 frame=0363
FAIL raw=364 ext=440/432 detect=440/432 frame=0364
FAIL raw=365 ext=441/433 detect=441/433 frame=0365
FAIL raw=366 ext=442/434 detect=442/434 frame=0366
FAIL raw=367 ext=443/435 detect=443/435 frame=0367
FAIL raw=368 ext=428/436 detect=428/436 frame=0368
FAIL raw=369 ext=429/437 detect=429/437 frame=0369
FAIL raw=36a ext=430/438 detect=430/438 frame=036a
FAIL raw=36b ext=431/439 detect=431/439 frame=036b
FAIL raw=36c ext=432/440 detect=432/440 frame=036c
FAIL raw=36d ext=433/441 detect=433/441 frame=036d
FAIL raw=36e ext=434/442 detect=434/442 frame=036e
FAIL raw=36f ext=435/443 detect=435/443 frame=036f
FAIL raw=370 ext=444/436 detect=444/436 frame=0370
FAIL raw=371 ext=445/437 detect=445/437 frame=0371
FAIL raw=372 ext=446/438 detect=446/438 frame=0372
FAIL raw=373 ext=447/439 detect=447/439 frame=0373
FAIL raw=374 ext=448/440 detect=448/440 frame=0374
FAIL raw=375 ext=449/441 detect=449/441 frame=0375
FAIL raw=376 ext=450/442 detect=450/442 frame=0376
FAIL raw=377 ext=451/443 detect=451/443 frame=0377
FAIL raw=378 ext=436/444 detect=436/444 frame=0378
FAIL raw=379 ext=437/445 detect=437/445 frame=0379
FAIL raw=37a ext=438/446 detect=438/446 frame=037a
FAIL raw=37b ext=439/447 detect=439/447 frame=037b
FAIL raw=37c ext=440/448 detect=440/448 frame=037c
FAIL raw=37d ext=441/449 detect=441/449 frame=037d
FAIL raw=37e ext=442/450 detect=442/450 frame=037e
FAIL raw=37f ext=443/451 detect=443/451 frame=037f
FAIL raw=380 ext=452/444 detect=452/444 frame=0380
FAIL raw=381 ext=453/445 detect=453/445 frame=0381
FAIL raw=382 ext=454/446 detect=454/446 frame=0382
FAIL raw=383 ext=455/447 detect=455/447 frame=0383
FAIL raw=384 ext=456/448 detect=456/448 frame=0384
FAIL raw=385 ext=457/449 detect=457/449 frame=0385
FAIL raw=386 ext=458/450 detect=458/450 frame=0386
FAIL raw=387 ext=459/451 detect=459/451 frame=0387
FAIL raw=388 ext=444/452 detect=444/452 frame=0388
FAIL raw=389 ext=445/453 detect=445/453 frame=0389
FAIL raw=38a ext=446/454 detect=446/454 frame=038a
FAIL raw=38b ext=447/455 detect=447/455 frame=038b
FAIL raw=38c ext=448/456 detect=448/456 frame=038c
FAIL raw=38d ext=449/457 detect=449/457 frame=038d
FAIL raw=38e ext=450/458 detect=450/458 frame=038e
FAIL raw=38f ext=451/459 detect=451/459 frame=038f
FAIL raw=390 ext=460/452 detect=460/452 frame=0390
FAIL raw=391 ext=461/453 detect=461/453 frame=0391
FAIL raw=392 ext=462/454 detect=462/454 frame=0392
FAIL raw=393 ext=463/455 detect=463/455 frame=0393
FAIL raw=394 ext=464/456 detect=464/456 frame=0394
FAIL raw=395 ext=465/457 detect=465/457 frame=0395
FAIL raw=396 ext=466/458 detect=466/458 frame=0396
FAIL raw=397 ext=467/459 detect=467/459 frame=0397
FAIL raw=398 ext=452/460 detect=452/460 frame=0398
FAIL raw=399 ext=453/461 detect=453/461 frame=0399
FAIL raw=39a ext=454/462 detect=454/462 frame=039a
FAIL raw=39b ext=455/463 detect=455/463 frame=039b
FAIL raw=39c ext=456/464 detect=456/464 frame=039c
FAIL raw=39d ext=457/465 detect=457/465 frame=039d
FAIL raw=39e ext=458/466 detect=458/466 frame=039e
FAIL raw=39f ext=459/467 detect=459/467 frame=039f
FAIL raw=3a0 ext=468/460 detect=468/460 frame=03a0
FAIL raw=3a1 ext=469/461 detect=469/461 frame=03a1
FAIL raw=3a2 ext=470/462 detect=470/462 frame=03a2
FAIL raw=3a3 ext=471/463 detect=471/463 frame=03a3
FAIL raw=3a4 ext=472/464 detect=472/464 frame=03a4
FAIL raw=3a5 ext=473/465 detect=473/465 frame=03a5
FAIL raw=3a6 ext=474/466 detect=474/466 frame=03a6
FAIL raw=3a7 ext=475/467 detect=475/467 frame=03a7
FAIL raw=3a8 ext=460/468 detect=460/468 frame=03a8
FAIL raw=3a9 ext=461/469 detect=461/469 frame=03a9
FAIL raw=3aa ext=462/470 detect=462/470 frame=03aa
FAIL raw=3ab ext=463/471 detect=463/471 frame=03ab
FAIL raw=3ac ext=464/472 detect=464/472 frame=03ac
FAIL raw=3ad ext=465/473 detect=465/473 frame=03ad
FAIL raw=3ae ext=466/474 detect=466/474 frame=03ae
FAIL raw=3af ext=467/475 detect=467/475 frame=03af
FAIL raw=3b0 ext=476/468 detect=476/468 frame=03b0
FAIL raw=3b1 ext=477/469 detect=477/469 frame=03b1
FAIL raw=3b2 ext=478/470 detect=478/470 frame=03b2
FAIL raw=3b3 ext=479/471 detect=479/471 frame=03b3
FAIL raw=3b4 ext=480/472 detect=480/472 frame=03b4
FAIL raw=3b5 ext=481/473 detect=481/473 frame=03b5
FAIL raw=3b6 ext=482/474 detect=482/474 frame=03b6
FAIL raw=3b7 ext=483/475 detect=483/475 frame=03b7
FAIL raw=3b8 ext=468/476 detect=468/476 frame=03b8
FAIL raw=3b9 ext=469/477 detect=469/477 frame=03b9
FAIL raw=3ba ext=470/478 detect=470/478 frame=03ba
FAIL raw=3bb ext=471/479 detect=471/479 frame=03bb
FAIL raw=3bc ext=472/480 detect=472/480 frame=03bc
FAIL raw=3bd ext=473/481 detect=473/481 frame=03bd
FAIL raw=3be ext=474/482 detect=474/482 frame=03be
FAIL raw=3bf ext=475/483 detect=475/483 frame=03bf
FAIL raw=3c0 ext=484/476 detect=484/476 frame=03c0
FAIL raw=3c1 ext=485/477 detect=485/477 frame=03c1
FAIL raw=3c2 ext=486/478 detect=486/478 frame=03c2
FAIL raw=3c3 ext=487/479 detect=487/479 frame=03c3
FAIL raw=3c4 ext=488/480 detect=488/480 frame=03c4
FAIL raw=3c5 ext=489/481 detect=489/481 frame=03c5
FAIL raw=3c6 ext=490/482 detect=490/482 frame=03c6
FAIL raw=3c7 ext=491/483 detect=491/483 frame=03c7
FAIL raw=3c8 ext=476/484 detect=476/484 frame=03c8
FAIL raw=3c9 ext=477/485 detect=477/485 frame=03c9
FAIL raw=3ca ext=478/486 detect=478/486 frame=03ca
FAIL raw=3cb ext=479/487 detect=479/487 frame=03cb
FAIL raw=3cc ext=480/488 detect=480/488 frame=03cc
FAIL raw=3cd ext=481/489 detect=481/489 frame=03cd
FAIL raw=3ce ext=482/490 detect=482/490 frame=03ce
FAIL raw=3cf ext=483/491 detect=483/491 frame=03cf
FAIL raw=3d0 ext=492/484 detect=492/484 frame=03d0
FAIL raw=3d1 ext=493/485 detect=493/485 frame=03d1
FAIL raw=3d2 ext=494/486 detect=494/486 frame=03d2
FAIL raw=3d3 ext=495/487 detect=495/487 frame=03d3
FAIL raw=3d4 ext=496/488 detect=496/488 frame=03d4
FAIL raw=3d5 ext=497/489 detect=497/489 frame=03d5
FAIL raw=3d6 ext=498/490 detect=498/490 frame=03d6
FAIL raw=3d7 ext=499/491 detect=499/491 frame=03d7
FAIL raw=3d8 ext=484/492 detect=484/492 frame=03d8
FAIL raw=3d9 ext=485/493 detect=485/493 frame=03d9
FAIL raw=3da ext=486/494 detect=486/494 frame=03da
FAIL raw=3db ext=487/495 detect=487/495 frame=03db
FAIL raw=3dc ext=488/496 detect=488/496 frame=03dc
FAIL raw=3dd ext=489/497 detect=489/497 frame=03dd
FAIL raw=3de ext=490/498 detect=490/498 frame=03de
FAIL raw=3df ext=491/499 detect=491/499 frame=03df
FAIL raw=3e0 ext=500/492 detect=500/492 frame=03e0
FAIL raw=3e1 ext=501/493 detect=501/493 frame=03e1
FAIL raw=3e2 ext=502/494 detect=502/494 frame=03e2
FAIL raw=3e3 ext=503/495 detect=503/495 frame=03e3
FAIL raw=3e4 ext=504/496 detect=504/496 frame=03e4
FAIL raw=3e5 ext=505/497 detect=505/497 frame=03e5
FAIL raw=3e6 ext=506/498 detect=506/498 frame=03e6
FAIL raw=3e7 ext=507/499 detect=507/499 frame=03e7
FAIL raw=3e8 ext=492/500 detect=492/500 frame=03e8
FAIL raw=3e9 ext=493/501 detect=493/501 frame=03e9
FAIL raw=3ea ext=494/502 detect=494/502 frame=03ea
FAIL raw=3eb ext=495/503 detect=495/503 frame=03eb
FAIL raw=3ec ext=496/504 detect=496/504 frame=03ec
FAIL raw=3ed ext=497/505 detect=497/505 frame=03ed
FAIL raw=3ee ext=498/506 detect=498/506 frame=03ee
FAIL raw=3ef ext=499/507 detect=499/507 frame=03ef
FAIL raw=3f0 ext=508/500 detect=508/500 frame=03f0
FAIL raw=3f1 ext=509/501 detect=509/501 frame=03f1
FAIL raw=3f2 ext=510/502 detect=510/502 frame=03f2
FAIL raw=3f3 ext=511/503 detect=511/503 frame=03f3
FAIL raw=3f4 ext=512/504 detect=511/504 frame=03f4
FAIL raw=3f5 ext=513/505 detect=511/505 frame=03f5
FAIL raw=3f6 ext=514/506 detect=511/506 frame=03f6
FAIL raw=3f7 ext=515/507 detect=511/507 frame=03f7
FAIL raw=3f8 ext=500/508 detect=500/508 frame=03f8
FAIL raw=3f9 ext=501/509 detect=501/509 frame=03f9
FAIL raw=3fa ext=502/510 detect=502/510 frame=03fa
FAIL raw=3fb ext=503/511 detect=503/511 frame=03fb
FAIL raw=3fc ext=504/512 detect=504/511 frame=03fc
FAIL raw=3fd ext=505/513 detect=505/511 frame=03fd
FAIL raw=3fe ext=506/514 detect=506/511 frame=03fe
FAIL raw=3ff ext=507/515 detect=507/511 frame=03ff
FAIL ppg_adc_s1_redundancy_corrector errors=1030
