#-----------------------------------------------------------
# xsim v2022.2 (64-bit)
# SW Build 3671981 on Fri Oct 14 05:00:03 MDT 2022
# IP Build 3669848 on Fri Oct 14 08:30:02 MDT 2022
# Start of session at: Fri Oct  9 21:00:55 2026
# Process ID: 6928
# Current directory: D:/PPG/runs_5d8ceba/unit_runs/tb_ppg_system_fault_abort_supervisor
# Command line: xsim.exe -log xsim.log -mode tcl -source {xsim.dir/snap_tb_ppg_system_fault_abort_supervisor/xsim_script.tcl}
# Log file: D:/PPG/runs_5d8ceba/unit_runs/tb_ppg_system_fault_abort_supervisor/xsim.log
# Journal file: D:/PPG/runs_5d8ceba/unit_runs/tb_ppg_system_fault_abort_supervisor\xsim.jou
# Running On: DESKTOP-VU9H4FF, OS: Windows, CPU Frequency: 2904 MHz, CPU Physical cores: 6, Host memory: 16920 MB
#-----------------------------------------------------------
source xsim.dir/snap_tb_ppg_system_fault_abort_supervisor/xsim_script.tcl
# xsim {snap_tb_ppg_system_fault_abort_supervisor} -autoloadwcfg -runall
Time resolution is 1 ps
run -all
PASS WDPARM
PASS SUPRST
PASS SUP01A
PASS SUP01B
PASS SUP02A
PASS CLRBLK
PASS EPICLS
PASS SUP07A
PASS SUP02B
PASS SUP04A
PASS SUP04B
PASS SUP06B
PASS SUP06C
PASS WDIDLE
PASS EPI2ND
PASS RE-ARM
PASS SUM-06
PASS SUM-07
SUP-01/02/04/06/07 and TB-local supervisor checks PASS: 18 real comparisons
$finish called at time : 690 ns : File "D:/PPG/runs_5d8ceba/unit/rtl/ppg_system_fault_abort_supervisor/tb_ppg_system_fault_abort_supervisor.v" Line 560
exit
INFO: [Common 17-206] Exiting xsim at Fri Oct  9 21:00:57 2026...
