MANIFEST TYPE list
tb_diag_algo_probe rc 0 PASS 5 FAIL 0 BANNER ['LONGRUN_TB_PASS real_red=1200 real_ir=1200 real_cal=0 elapsed_ns=2998332499 measurement_result_valid=2399']
tb_ppg_400hz_frame_calibration_scheduler rc 0 PASS 59 FAIL 0 BANNER ['ALL FSC-01 THROUGH FSC-59 PASSED']
tb_ppg_active_v4_control_plane_integration rc 0 PASS 22 FAIL 0 BANNER ['ALL AV4C-01 THROUGH AV4C-22 PASSED']
tb_ppg_adc_async_stage_capture rc 0 PASS 1 FAIL 0 BANNER ['PASS ppg_adc_async_stage_capture explicit-frame checks']
tb_ppg_adc_dc_recovery rc 0 PASS 2 FAIL 0 BANNER ['PASS ppg_adc_dc_recovery DCR-01..DCR-22']
tb_ppg_adc_measurement_idac_integration rc 0 PASS 48 FAIL 0 BANNER ['AMI-01 through AMI-47 plus N08-01 PASS: 48 real comparisons']
tb_ppg_adc_pipeline_overlap_corrector rc 0 PASS 1 FAIL 0 BANNER ['PASS ppg_adc_pipeline_overlap_corrector OVL-01..OVL-17 and 1024-code sweep']
tb_ppg_adc_programmable_reconstructor rc 0 PASS 1 FAIL 0 BANNER ['PASS ppg_adc_programmable_reconstructor PR-01..PR-14 and 1024-code sweep']
tb_ppg_adc_result_router rc 0 PASS 1 FAIL 0 BANNER ['PASS ppg_adc_result_router RTR-01..RTR-13']
tb_ppg_adc_s1_programmable_calibrator rc 0 PASS 1 FAIL 0 BANNER ['PASS ppg_adc_s1_programmable_calibrator CAL-01..CAL-17']
tb_ppg_adc_s1_redundancy_corrector rc 0 PASS 1 FAIL 0 BANNER ['PASS ppg_adc_s1_redundancy_corrector integrated exhaustive checks']
tb_ppg_amb_recheck_scheduler rc 0 PASS 35 FAIL 0 BANNER ['PASS: ppg_amb_recheck_scheduler completed scheduler regression']
tb_ppg_characterization_control_cdc rc 0 PASS 26 FAIL 0 BANNER ['ALL CCC-01 TO CCC-26 PASS (26 checks)']
tb_ppg_chip_digital_top rc 0 PASS 6 FAIL 0 BANNER ['TB_CHIP_DIGITAL_TOP_PASS all scenarios passed']
tb_ppg_coarse_detection_fir rc 0 PASS 103 FAIL 0 BANNER ['PPG_COARSE_DETECTION_FIR_V2_TB_PASS pass=103']
tb_ppg_control_top rc 0 PASS 71 FAIL 0 BANNER ['SMOKE_TB_PASS real_adc_responses=49 measurement_result_valid=33']
tb_ppg_control_top_adc_numeric_scoreboard rc 0 PASS 69 FAIL 0 BANNER ['ADC_NUMERIC_SCOREBOARD_TB_PASS result_captures=16 track_branch_fires=16']
tb_ppg_control_top_baseline_cross rc 0 PASS 75 FAIL 0 BANNER ['BASELINE_CROSS_TB_PASS real_red=1106 real_ir=1104 real_cal=0 measurement_result_valid=2207 peak_count=6 valley_count=3 cross_count=1 return_count=1']
tb_ppg_control_top_fir_tail_isolation rc 0 PASS 80 FAIL 0 BANNER ['FIR_TAIL_ISOLATION_TB_PASS real_red=900 real_ir=898 real_cal=0 measurement_result_valid=1798 peak_count=5 valley_count=4 cross_count=2 return_count=1 first_sar15_peak_frame=464 first_sar15_valley_frame=601']
tb_ppg_control_top_idac_bus_isolation rc 0 PASS 70 FAIL 0 BANNER ['IDAC_BUS_ISOLATION_TB_PASS sar15_zero_checks=5305 sar9_zero_checks=5308 result_captures=155']
tb_ppg_control_top_injection rc 0 PASS 15 FAIL 0 BANNER ['INJ_TB_PASS']
tb_ppg_control_top_input_light_static_matrix rc 0 PASS 73 FAIL 0 BANNER ['INPUT_LIGHT_STATIC_MATRIX_TB_PASS owner_commit_total=69 static_vector_checks=3000']
tb_ppg_control_top_lifecycle_fault_adc_anomaly rc 0 PASS 80 FAIL 0 BANNER ['LIFECYCLE_FAULT_ADC_ANOMALY_TB_PASS result_captures=8 owner_commit_total=244 measurement_discard_events=3 detection_discard_events=0']
tb_ppg_control_top_no_recheck_control rc 0 PASS 61 FAIL 0 BANNER ['NO_RECHECK_CONTROL_TB_PASS result_captures=1627 owner_commit_total=1655']
tb_ppg_control_top_normal_slow_tracking rc 0 PASS 72 FAIL 0 BANNER ['NORMAL_SLOW_TRACKING_TB_PASS result_captures=1406 owner_commit_total=1477']
tb_ppg_control_top_owner_identity_backpressure rc 0 PASS 68 FAIL 0 BANNER ['OWNER_IDENTITY_BACKPRESSURE_TB_PASS result_captures=35 owner_commit_total=224 measurement_discard_events=1 detection_discard_events=0 order_violation_count=0']
tb_ppg_control_top_peak_valley_return rc 0 PASS 75 FAIL 0 BANNER ['PEAK_VALLEY_RETURN_TB_PASS real_red=700 real_ir=698 real_cal=0 measurement_result_valid=1398 peak_count=4 valley_count=3 cross_count=1 return_count=1 first_sar15_peak_frame=464 first_sar15_valley_frame=601']
tb_ppg_control_top_periodic_recheck_recovery rc 0 PASS 70 FAIL 0 BANNER ['PERIODIC_RECHECK_RECOVERY_TB_PASS result_captures=2821 owner_commit_total=2906']
tb_ppg_control_top_startup_idac_calibration rc 0 PASS 83 FAIL 0 BANNER ['STARTUP_IDAC_CALIBRATION_TB_PASS result_captures=2']
tb_ppg_dual_precision_top rc 0 PASS 1 FAIL 0 BANNER ['PASS: ppg_dual_precision_top CDC and frame-safe timing contract verified']
tb_ppg_dynamic_baseline_cross_detector rc 0 PASS 65 FAIL 0 BANNER ['ALL BSL-01 THROUGH BSL-39, OPT-01 THROUGH OPT-24 AND OPTC-01 THROUGH OPTC-02 PASS count=65']
tb_ppg_dynamic_baseline_phase_a_arithmetic_equivalence rc 0 PASS 1 FAIL 0 BANNER ['PHASE_A_ARITH_EQV PASS vectors=20005']
tb_ppg_idac_code_controller rc 0 PASS 148 FAIL 0 BANNER ['PASS: ppg_idac_code_controller V2.1 periodic sequence and IDT regression completed']
tb_ppg_normal_transaction_fork rc 0 PASS 50 FAIL 0 BANNER ['PASS: ppg_normal_transaction_fork completed FFK-01 through FFK-09']
tb_ppg_peak_valley_window_detector rc 0 PASS 54 FAIL 0 BANNER ['PVW-01 through PVW-48 ALL PASS: 54 checks']
tb_ppg_precision_window_controller rc 0 PASS 48 FAIL 0 BANNER ['PWC-01 through PWC-41 ALL PASS pass=48 fail=0']
tb_ppg_precision_window_integration rc 0 PASS 5 FAIL 0 BANNER ['ALL PWI-01 THROUGH PWI-05 PASS count=5']
tb_ppg_real_raw_generator_selfcheck rc 0 PASS 40 FAIL 0 BANNER ['RAWGEN_SELFCHECK_PASS']
tb_ppg_sar9_sar15_safe_selection_wrapper rc 0 PASS 52 FAIL 0 BANNER ['ALL SSW-01 THROUGH SSW-52 PASS']
tb_ppg_system_active_config_unpack rc 0 PASS 1 FAIL 0 BANNER ['PASS: ppg_system_active_config_unpack all checks passed']
tb_ppg_system_config_manager rc 0 PASS 1 FAIL 0 BANNER ['PASS: ppg_system_config_manager MGR-01 through MGR-24 all directed checks passed']
tb_ppg_system_fault_abort_supervisor rc 0 PASS 14 FAIL 0 BANNER ['SUP-01 through SUP-10 PASS: 14 real comparisons']
tb_ppg_timing_3200hz rc 0 PASS 1 FAIL 0 BANNER ['PASS: 3200 Hz frame, 80 us R/IR offsets, and Q3-center alignment verified.']
tb_ppg_timing_sar15 rc 0 PASS 1 FAIL 0 BANNER ['PASS: ppg_timing_sar15 optical, test-MUX, and static characterization modes matched.']
tb_ppg_timing_sar9 rc 0 PASS 1 FAIL 0 BANNER ['PASS: ppg_timing_sar9 optical, test-MUX, and static characterization modes matched.']
STATES {'finished': 45, 'running': 3}
