PASS LONGRUN legal NORMAL dual-optical MANUAL commit
PASS LONGRUN START accepted into RUN, measurement start latched t=5251000
DIAG PROBE GEN t=158000000 color_ir=0 frame_id=0 target_code=229 unclamped=229 stage1_raw=457
DIAG PROBE POST_DONE t=161004000 color_ir=0 frame_id=0 target_code=229 coarse_valid=0 coarse_value=0 calibrated_s1=0 calibrated_valid=0
DIAG PROBE COARSE t=163750000 color_ir=0 frame_id=0 value=-1349
DIAG PROBE GEN t=238000000 color_ir=1 frame_id=0 target_code=259 unclamped=259 stage1_raw=511
DIAG PROBE POST_DONE t=241004000 color_ir=1 frame_id=0 target_code=259 coarse_valid=1 coarse_value=-1349 calibrated_s1=229 calibrated_valid=1
DIAG PROBE GEN t=2658500000 color_ir=0 frame_id=1 target_code=235 unclamped=235 stage1_raw=463
DIAG PROBE POST_DONE t=2661504000 color_ir=0 frame_id=1 target_code=235 coarse_valid=1 coarse_value=285 calibrated_s1=259 calibrated_valid=1
DIAG PROBE GEN t=2738500000 color_ir=1 frame_id=1 target_code=257 unclamped=257 stage1_raw=509
DIAG PROBE POST_DONE t=2741504000 color_ir=1 frame_id=1 target_code=257 coarse_valid=1 coarse_value=-1025 calibrated_s1=235 calibrated_valid=1
DIAG PROBE GEN t=5159000000 color_ir=0 frame_id=2 target_code=233 unclamped=233 stage1_raw=461
DIAG PROBE POST_DONE t=5162004000 color_ir=0 frame_id=2 target_code=233 coarse_valid=1 coarse_value=177 calibrated_s1=257 calibrated_valid=1
DIAG PROBE GEN t=5239000000 color_ir=1 frame_id=2 target_code=264 unclamped=264 stage1_raw=524
DIAG PROBE POST_DONE t=5242004000 color_ir=1 frame_id=2 target_code=264 coarse_valid=1 coarse_value=-1133 calibrated_s1=233 calibrated_valid=1
DIAG PROBE GEN t=7659500000 color_ir=0 frame_id=3 target_code=232 unclamped=232 stage1_raw=460
DIAG PROBE POST_DONE t=7662504000 color_ir=0 frame_id=3 target_code=232 coarse_valid=1 coarse_value=554 calibrated_s1=264 calibrated_valid=1
DIAG PROBE GEN t=7739500000 color_ir=1 frame_id=3 target_code=262 unclamped=262 stage1_raw=522
DIAG PROBE POST_DONE t=7742504000 color_ir=1 frame_id=3 target_code=262 coarse_valid=1 coarse_value=-1187 calibrated_s1=232 calibrated_valid=1
DIAG PROBE GEN t=10160000000 color_ir=0 frame_id=4 target_code=237 unclamped=237 stage1_raw=473
DIAG PROBE POST_DONE t=10163004000 color_ir=0 frame_id=4 target_code=237 coarse_valid=1 coarse_value=446 calibrated_s1=262 calibrated_valid=1
DIAG PROBE GEN t=10240000000 color_ir=1 frame_id=4 target_code=268 unclamped=268 stage1_raw=536
DIAG PROBE POST_DONE t=10243004000 color_ir=1 frame_id=4 target_code=268 coarse_valid=1 coarse_value=-918 calibrated_s1=237 calibrated_valid=1
DIAG PROBE GEN t=12660500000 color_ir=0 frame_id=5 target_code=235 unclamped=235 stage1_raw=463
DIAG PROBE POST_DONE t=12663504000 color_ir=0 frame_id=5 target_code=235 coarse_valid=1 coarse_value=770 calibrated_s1=268 calibrated_valid=1
DIAG PROBE GEN t=12740500000 color_ir=1 frame_id=5 target_code=266 unclamped=266 stage1_raw=526
DIAG PROBE POST_DONE t=12743504000 color_ir=1 frame_id=5 target_code=266 coarse_valid=1 coarse_value=-1025 calibrated_s1=235 calibrated_valid=1
DIAG PROBE GEN t=15161000000 color_ir=0 frame_id=6 target_code=241 unclamped=241 stage1_raw=477
DIAG PROBE POST_DONE t=15164004000 color_ir=0 frame_id=6 target_code=241 coarse_valid=1 coarse_value=662 calibrated_s1=266 calibrated_valid=1
DIAG PROBE GEN t=15241000000 color_ir=1 frame_id=6 target_code=273 unclamped=273 stage1_raw=541
DIAG PROBE POST_DONE t=15244004000 color_ir=1 frame_id=6 target_code=273 coarse_valid=1 coarse_value=-702 calibrated_s1=241 calibrated_valid=1
DIAG PROBE GEN t=17661500000 color_ir=0 frame_id=7 target_code=239 unclamped=239 stage1_raw=475
DIAG PROBE POST_DONE t=17664504000 color_ir=0 frame_id=7 target_code=239 coarse_valid=1 coarse_value=1040 calibrated_s1=273 calibrated_valid=1
DIAG PROBE GEN t=17741500000 color_ir=1 frame_id=7 target_code=270 unclamped=270 stage1_raw=538
DIAG PROBE POST_DONE t=17744504000 color_ir=1 frame_id=7 target_code=270 coarse_valid=1 coarse_value=-810 calibrated_s1=239 calibrated_valid=1
DIAG PROBE GEN t=20162000000 color_ir=0 frame_id=8 target_code=244 unclamped=244 stage1_raw=488
DIAG PROBE POST_DONE t=20165004000 color_ir=0 frame_id=8 target_code=244 coarse_valid=1 coarse_value=878 calibrated_s1=270 calibrated_valid=1
DIAG PROBE GEN t=20242000000 color_ir=1 frame_id=8 target_code=268 unclamped=268 stage1_raw=536
DIAG PROBE POST_DONE t=20245004000 color_ir=1 frame_id=8 target_code=268 coarse_valid=1 coarse_value=-540 calibrated_s1=244 calibrated_valid=1
DIAG PROBE GEN t=22662500000 color_ir=0 frame_id=9 target_code=243 unclamped=243 stage1_raw=479
DIAG PROBE POST_DONE t=22665504000 color_ir=0 frame_id=9 target_code=243 coarse_valid=1 coarse_value=770 calibrated_s1=268 calibrated_valid=1
DIAG PROBE GEN t=22742500000 color_ir=1 frame_id=9 target_code=275 unclamped=275 stage1_raw=543
DIAG PROBE POST_DONE t=22745504000 color_ir=1 frame_id=9 target_code=275 coarse_valid=1 coarse_value=-594 calibrated_s1=243 calibrated_valid=1
DIAG PROBE GEN t=25163000000 color_ir=0 frame_id=10 target_code=241 unclamped=241 stage1_raw=477
DIAG PROBE POST_DONE t=25166004000 color_ir=0 frame_id=10 target_code=241 coarse_valid=1 coarse_value=1147 calibrated_s1=275 calibrated_valid=1
DIAG PROBE GEN t=25243000000 color_ir=1 frame_id=10 target_code=272 unclamped=272 stage1_raw=540
DIAG PROBE POST_DONE t=25246004000 color_ir=1 frame_id=10 target_code=272 coarse_valid=1 coarse_value=-702 calibrated_s1=241 calibrated_valid=1
DIAG PROBE GEN t=27663500000 color_ir=0 frame_id=11 target_code=246 unclamped=246 stage1_raw=490
DIAG PROBE POST_DONE t=27666504000 color_ir=0 frame_id=11 target_code=246 coarse_valid=1 coarse_value=986 calibrated_s1=272 calibrated_valid=1
DIAG PROBE GEN t=27743500000 color_ir=1 frame_id=11 target_code=279 unclamped=279 stage1_raw=555
DIAG PROBE POST_DONE t=27746504000 color_ir=1 frame_id=11 target_code=279 coarse_valid=1 coarse_value=-432 calibrated_s1=246 calibrated_valid=1
DIAG PROBE GEN t=30164000000 color_ir=0 frame_id=12 target_code=245 unclamped=245 stage1_raw=489
DIAG PROBE POST_DONE t=30167004000 color_ir=0 frame_id=12 target_code=245 coarse_valid=1 coarse_value=1363 calibrated_s1=279 calibrated_valid=1
DIAG PROBE GEN t=30244000000 color_ir=1 frame_id=12 target_code=277 unclamped=277 stage1_raw=553
DIAG PROBE POST_DONE t=30247004000 color_ir=1 frame_id=12 target_code=277 coarse_valid=1 coarse_value=-486 calibrated_s1=245 calibrated_valid=1
DIAG PROBE GEN t=32664500000 color_ir=0 frame_id=13 target_code=250 unclamped=250 stage1_raw=494
DIAG PROBE POST_DONE t=32667504000 color_ir=0 frame_id=13 target_code=250 coarse_valid=1 coarse_value=1255 calibrated_s1=277 calibrated_valid=1
DIAG PROBE GEN t=32744500000 color_ir=1 frame_id=13 target_code=283 unclamped=283 stage1_raw=559
DIAG PROBE POST_DONE t=32747504000 color_ir=1 frame_id=13 target_code=283 coarse_valid=1 coarse_value=-217 calibrated_s1=250 calibrated_valid=1
DIAG PROBE GEN t=35165000000 color_ir=0 frame_id=14 target_code=248 unclamped=248 stage1_raw=492
DIAG PROBE POST_DONE t=35168004000 color_ir=0 frame_id=14 target_code=248 coarse_valid=1 coarse_value=1579 calibrated_s1=283 calibrated_valid=1
DIAG PROBE GEN t=35245000000 color_ir=1 frame_id=14 target_code=281 unclamped=281 stage1_raw=557
DIAG PROBE POST_DONE t=35248004000 color_ir=1 frame_id=14 target_code=281 coarse_valid=1 coarse_value=-324 calibrated_s1=248 calibrated_valid=1
DIAG PROBE FIR_IN t=50180750000 frame_id=10 qualified=1 win_sat_lo=0 win_sat_hi=0 fir_sat_lo=0 fir_sat_hi=0 precision=0 frame_type=2 filtered=-540 pv_cfg_valid=1
DIAG PROBE FIR_IN t=52681250000 frame_id=11 qualified=1 win_sat_lo=0 win_sat_hi=0 fir_sat_lo=0 fir_sat_hi=0 precision=0 frame_type=2 filtered=-468 pv_cfg_valid=1
DIAG PROBE FIR_IN t=55181750000 frame_id=12 qualified=1 win_sat_lo=0 win_sat_hi=0 fir_sat_lo=0 fir_sat_hi=0 precision=0 frame_type=2 filtered=-396 pv_cfg_valid=1
DIAG PROBE FIR_IN t=57682250000 frame_id=13 qualified=1 win_sat_lo=0 win_sat_hi=0 fir_sat_lo=0 fir_sat_hi=0 precision=0 frame_type=2 filtered=-325 pv_cfg_valid=1
DIAG PROBE FIR_IN t=60182750000 frame_id=14 qualified=1 win_sat_lo=0 win_sat_hi=0 fir_sat_lo=0 fir_sat_hi=0 precision=0 frame_type=2 filtered=-253 pv_cfg_valid=1
DIAG PROBE FIR_IN t=62683250000 frame_id=15 qualified=1 win_sat_lo=0 win_sat_hi=0 fir_sat_lo=0 fir_sat_hi=0 precision=0 frame_type=2 filtered=-181 pv_cfg_valid=1
DIAG PROBE FIR_IN t=65183750000 frame_id=16 qualified=1 win_sat_lo=0 win_sat_hi=0 fir_sat_lo=0 fir_sat_hi=0 precision=0 frame_type=2 filtered=-109 pv_cfg_valid=1
DIAG PROBE FIR_IN t=67684250000 frame_id=17 qualified=1 win_sat_lo=0 win_sat_hi=0 fir_sat_lo=0 fir_sat_hi=0 precision=0 frame_type=2 filtered=-37 pv_cfg_valid=1
DIAG PROBE FIR_IN t=70184750000 frame_id=18 qualified=1 win_sat_lo=0 win_sat_hi=0 fir_sat_lo=0 fir_sat_hi=0 precision=0 frame_type=2 filtered=35 pv_cfg_valid=1
DIAG PROBE FIR_IN t=72685250000 frame_id=19 qualified=1 win_sat_lo=0 win_sat_hi=0 fir_sat_lo=0 fir_sat_hi=0 precision=0 frame_type=2 filtered=107 pv_cfg_valid=1
DIAG PROBE FIR_IN t=75185750000 frame_id=20 qualified=1 win_sat_lo=0 win_sat_hi=0 fir_sat_lo=0 fir_sat_hi=0 precision=0 frame_type=2 filtered=179 pv_cfg_valid=1
DIAG PROBE FIR_IN t=77686250000 frame_id=21 qualified=1 win_sat_lo=0 win_sat_hi=0 fir_sat_lo=0 fir_sat_hi=0 precision=0 frame_type=2 filtered=250 pv_cfg_valid=1
DIAG PROBE FIR_IN t=80186750000 frame_id=22 qualified=1 win_sat_lo=0 win_sat_hi=0 fir_sat_lo=0 fir_sat_hi=0 precision=0 frame_type=2 filtered=322 pv_cfg_valid=1
DIAG PROBE FIR_IN t=82687250000 frame_id=23 qualified=1 win_sat_lo=0 win_sat_hi=0 fir_sat_lo=0 fir_sat_hi=0 precision=0 frame_type=2 filtered=395 pv_cfg_valid=1
DIAG PROBE FIR_IN t=85187750000 frame_id=24 qualified=1 win_sat_lo=0 win_sat_hi=0 fir_sat_lo=0 fir_sat_hi=0 precision=0 frame_type=2 filtered=467 pv_cfg_valid=1
DIAG PROBE FIR_IN t=87688250000 frame_id=25 qualified=1 win_sat_lo=0 win_sat_hi=0 fir_sat_lo=0 fir_sat_hi=0 precision=0 frame_type=2 filtered=539 pv_cfg_valid=1
DIAG PROBE FIR_IN t=90188750000 frame_id=26 qualified=1 win_sat_lo=0 win_sat_hi=0 fir_sat_lo=0 fir_sat_hi=0 precision=0 frame_type=2 filtered=610 pv_cfg_valid=1
DIAG PROBE FIR_IN t=92689250000 frame_id=27 qualified=1 win_sat_lo=0 win_sat_hi=0 fir_sat_lo=0 fir_sat_hi=0 precision=0 frame_type=2 filtered=682 pv_cfg_valid=1
DIAG PROBE FIR_IN t=95189750000 frame_id=28 qualified=1 win_sat_lo=0 win_sat_hi=0 fir_sat_lo=0 fir_sat_hi=0 precision=0 frame_type=2 filtered=754 pv_cfg_valid=1
DIAG PROBE FIR_IN t=97690250000 frame_id=29 qualified=1 win_sat_lo=0 win_sat_hi=0 fir_sat_lo=0 fir_sat_hi=0 precision=0 frame_type=2 filtered=826 pv_cfg_valid=1
DIAG PROBE FIR_IN t=100190750000 frame_id=30 qualified=1 win_sat_lo=0 win_sat_hi=0 fir_sat_lo=0 fir_sat_hi=0 precision=0 frame_type=2 filtered=898 pv_cfg_valid=1
DIAG PROBE FIR_IN t=102691250000 frame_id=31 qualified=1 win_sat_lo=0 win_sat_hi=0 fir_sat_lo=0 fir_sat_hi=0 precision=0 frame_type=2 filtered=970 pv_cfg_valid=1
DIAG PROBE FIR_IN t=105191750000 frame_id=32 qualified=1 win_sat_lo=0 win_sat_hi=0 fir_sat_lo=0 fir_sat_hi=0 precision=0 frame_type=2 filtered=1042 pv_cfg_valid=1
DIAG PROBE FIR_IN t=107692250000 frame_id=33 qualified=1 win_sat_lo=0 win_sat_hi=0 fir_sat_lo=0 fir_sat_hi=0 precision=0 frame_type=2 filtered=1114 pv_cfg_valid=1
DIAG PROBE FIR_IN t=110192750000 frame_id=34 qualified=1 win_sat_lo=0 win_sat_hi=0 fir_sat_lo=0 fir_sat_hi=0 precision=0 frame_type=2 filtered=1185 pv_cfg_valid=1
DIAG PROBE FIR_IN t=112693250000 frame_id=35 qualified=1 win_sat_lo=0 win_sat_hi=0 fir_sat_lo=0 fir_sat_hi=0 precision=0 frame_type=2 filtered=1257 pv_cfg_valid=1
DIAG PROBE FIR_IN t=115193750000 frame_id=36 qualified=1 win_sat_lo=0 win_sat_hi=0 fir_sat_lo=0 fir_sat_hi=0 precision=0 frame_type=2 filtered=1329 pv_cfg_valid=1
DIAG PROBE FIR_IN t=117694250000 frame_id=37 qualified=1 win_sat_lo=0 win_sat_hi=0 fir_sat_lo=0 fir_sat_hi=0 precision=0 frame_type=2 filtered=1401 pv_cfg_valid=1
DIAG PROBE FIR_IN t=120194750000 frame_id=38 qualified=1 win_sat_lo=0 win_sat_hi=0 fir_sat_lo=0 fir_sat_hi=0 precision=0 frame_type=2 filtered=1473 pv_cfg_valid=1
DIAG PROBE FIR_IN t=122695250000 frame_id=39 qualified=1 win_sat_lo=0 win_sat_hi=0 fir_sat_lo=0 fir_sat_hi=0 precision=0 frame_type=2 filtered=1545 pv_cfg_valid=1
DIAG PROBE FIR_IN t=125195750000 frame_id=40 qualified=1 win_sat_lo=0 win_sat_hi=0