#-----------------------------------------------------------
# xsim v2022.2 (64-bit)
# SW Build 3671981 on Fri Oct 14 05:00:03 MDT 2022
# IP Build 3669848 on Fri Oct 14 08:30:02 MDT 2022
# Start of session at: Fri Oct  9 15:41:26 2026
# Process ID: 23676
# Current directory: D:/PPG/runs_7a8eabf/sys_g2/rtl/ppg_control_top
# Command line: xsim.exe -log xsim_regression_20260906/tb_ppg_control_top_long_10_cycles/xsim.log -mode tcl -source {xsim.dir/snap_tb_ppg_control_top_long_10_cycles/xsim_script.tcl}
# Log file: D:/PPG/runs_7a8eabf/sys_g2/rtl/ppg_control_top/xsim_regression_20260906/tb_ppg_control_top_long_10_cycles/xsim.log
# Journal file: D:/PPG/runs_7a8eabf/sys_g2/rtl/ppg_control_top\xsim.jou
# Running On: DESKTOP-VU9H4FF, OS: Windows, CPU Frequency: 2904 MHz, CPU Physical cores: 6, Host memory: 16920 MB
#-----------------------------------------------------------
source xsim.dir/snap_tb_ppg_control_top_long_10_cycles/xsim_script.tcl
# xsim {snap_tb_ppg_control_top_long_10_cycles} -autoloadwcfg -runall
Time resolution is 1 ps
run -all
JNT_BASELINE_BEGIN required=54
PASS JNT-STARTUP-READY (jnt 1/54)
PASS JNT-01 (jnt 2/54)
PASS JNT-OWNER-WAIT (jnt 3/54)
PASS JNT-02A (jnt 4/54)
PASS JNT-PHASE-ORDER (jnt 5/54)
PASS JNT-Q3-RELEASE (jnt 6/54)
PASS JNT-02-IR-PREESTABLISH (jnt 7/54)
PASS JNT-03-IDAC (jnt 8/54)
PASS JNT-DONE-WAIT (jnt 9/54)
PASS JNT-02B (jnt 10/54)
PASS JNT-OWNER-WAIT (jnt 11/54)
PASS JNT-03A (jnt 12/54)
PASS JNT-PHASE-ORDER (jnt 13/54)
PASS JNT-Q3-RELEASE (jnt 14/54)
PASS JNT-04-IDAC (jnt 15/54)
PASS JNT-DONE-WAIT (jnt 16/54)
PASS JNT-03B (jnt 17/54)
PASS JNT-04 (jnt 18/54)
PASS JNT-STARTUP-READY (jnt 19/54)
PASS JNT-OWNER-WAIT (jnt 20/54)
PASS JNT-05A (jnt 21/54)
PASS JNT-PHASE-ORDER (jnt 22/54)
PASS JNT-Q3-RELEASE (jnt 23/54)
PASS JNT-DONE-WAIT (jnt 24/54)
PASS JNT-05B (jnt 25/54)
PASS JNT-STARTUP-READY (jnt 26/54)
PASS JNT-OWNER-WAIT (jnt 27/54)
PASS JNT-PHASE-ORDER (jnt 28/54)
PASS JNT-Q3-RELEASE (jnt 29/54)
PASS JNT-06 (jnt 30/54)
PASS JNT-STARTUP-READY (jnt 31/54)
PASS JNT-OWNER-WAIT (jnt 32/54)
PASS JNT-07A (jnt 33/54)
PASS JNT-PHASE-ORDER (jnt 34/54)
PASS JNT-Q3-RELEASE (jnt 35/54)
PASS JNT-07B (jnt 36/54)
PASS JNT-DONE-WAIT (jnt 37/54)
PASS JNT-07C (jnt 38/54)
PASS JNT-OWNER-WAIT (jnt 39/54)
PASS JNT-07D (jnt 40/54)
PASS JNT-PHASE-ORDER (jnt 41/54)
PASS JNT-Q3-RELEASE (jnt 42/54)
PASS JNT-07E (jnt 43/54)
PASS JNT-DONE-WAIT (jnt 44/54)
PASS JNT-07F (jnt 45/54)
PASS JNT-STARTUP-READY (jnt 46/54)
PASS JNT-OWNER-WAIT (jnt 47/54)
PASS JNT-PHASE-ORDER (jnt 48/54)
PASS JNT-Q3-RELEASE (jnt 49/54)
PASS JNT-DONE-WAIT (jnt 50/54)
PASS JNT-08 (jnt 51/54)
PASS JNT-STARTUP-READY (jnt 52/54)
PASS JNT-09-STARTUP (jnt 53/54)
PASS JNT-09 (jnt 54/54)
JNT_BASELINE checked=54 pass=54 required=54 status=PASS
PASS LONGRUN legal NORMAL dual-optical MANUAL commit
PASS LONGRUN START accepted into RUN, measurement start latched t=1134751000
PEAK CAPTURE t=193801750000 frame_id=63 value=2975 count=1
PASS GROUP1_BSL04_CHECK_A first PEAK live_frame_id=77 peak_frame_id=63 diff=14 >= 10
PASS GROUP1_PVW17_CHECK_B first PEAK frame_id=63 theoretical_rise_corner=60 diff=3 <= tol=11
DIAG progress t=248790504000 red=101 ir=99 cal=0
DIAG progress t=498790504000 red=201 ir=199 cal=0
VALLEY CAPTURE t=538800750000 frame_id=201 value=-402 count=1
PEAK CAPTURE t=598826750000 frame_id=225 value=85 count=2
DIAG progress t=748790504000 red=301 ir=299 cal=0
DIAG progress t=998790504000 red=401 ir=399 cal=0
VALLEY CAPTURE t=1021300750000 frame_id=395 value=-1003 count=2
CROSS CAPTURE t=1058800750000 frame_id=411 sample_index=822 baseline_q16=-19454066 slope_q16=-134541 time_unknown=0 count=1
PASS GROUP2_REAL_DATAPATH cross frame_id=411 sample_index=822 traced to a real RED FIR handshake at candidate_start
PASS GROUP1_BASELINE_FORMULA recomputed B[f]=-19454066 matches RTL o_cross_baseline_q16 peak_value=85 peak_frame=225 cross_frame=411 frame_delta=186 slope=-134541
PASS GROUP2_BSL04_CHECK_A first CROSS live_frame_id=423 cross_frame_id=411 diff=12 >= 10
SAR15_TRANSITION CAPTURE t=1061017250000 safe_frame_id=424
PASS GROUP2_SAFE_BOUNDARY fine_window_start_event committed only with frame_safe_boundary+precision_takeover_safe+analog_safe asserted and physical ADC idle at the actual commit cycle
PASS GROUP2_SAMPLE_CONTINUITY sample_index continuous across transition pretransition=847 posttransition=848
PASS GROUP2_CODE_SNAPSHOT_STABILITY AMB/DC snapshot+epoch unchanged across transition amb_snapshot=64 amb_epoch=1 dc_snapshot=80 dc_epoch=1
PEAK CAPTURE t=1193828250000 frame_id=464 value=3190 count=3
PASS GROUP3_CENTER_SAMPLE_IDENTITY first SAR15 PEAK frame_id=464 bounded within [sar15_entry=424, last_real_red_sar15=467]
DIAG progress t=1248792004000 red=501 ir=499 cal=0
DIAG progress t=1498792004000 red=601 ir=599 cal=0
VALLEY CAPTURE t=1538802250000 frame_id=601 value=-186 count=3
PASS GROUP3_CENTER_SAMPLE_IDENTITY first SAR15 VALLEY frame_id=601 bounded within [sar15_entry=424, last_real_red_sar15=605]
PASS GROUP3_PEAK_BEFORE_VALLEY_ORDER first SAR15 PEAK frame_id=464 strictly before first SAR15 VALLEY frame_id=601
RETURN_9BIT CAPTURE t=1538802250000 frame_id=605 reason=0 count=1
PASS GROUP3_RETURN_REQUEST first RETURN_9BIT reason=VALLEY_CONFIRMED frame_id=605 >= confirmed_valley_frame_id=601 same_cycle=1
SAR9_RETURN_TRANSITION CAPTURE t=1541017250000
PASS GROUP3_SAFE_RETURN_COMMIT SAR15->SAR9 return committed only with frame_safe_boundary+precision_takeover_safe+analog_safe asserted and physical ADC idle at the actual commit cycle
PASS GROUP4_TAIL_BOUNDED tail observed=1 ended after 10 precision_mode=1 RED handshakes (<=10), first eligible frame_id=616
PASS GROUP4_REBUILD_EVIDENCE first genuinely-eligible post-tail RED handshake frame_id=616 correctly armed flag_previous_valid as reference-only
PEAK CAPTURE t=1598826750000 frame_id=625 value=301 count=4
DIAG progress t=1748790504000 red=701 ir=699 cal=0
DIAG progress t=1998790504000 red=801 ir=799 cal=0
VALLEY CAPTURE t=2021300750000 frame_id=795 value=-787 count=4
CROSS CAPTURE t=2056300750000 frame_id=810 sample_index=1620 baseline_q16=-11717189 slope_q16=-169965 time_unknown=0 count=2
PASS GROUP2_REAL_DATAPATH cross frame_id=810 sample_index=1620 traced to a real RED FIR handshake at candidate_start
PASS GROUP1_BASELINE_FORMULA recomputed B[f]=-11717189 matches RTL o_cross_baseline_q16 peak_value=301 peak_frame=625 cross_frame=810 frame_delta=185 slope=-169965
SAR15_TRANSITION CAPTURE t=2058517250000 safe_frame_id=823
PASS GROUP2_SAFE_BOUNDARY fine_window_start_event committed only with frame_safe_boundary+precision_takeover_safe+analog_safe asserted and physical ADC idle at the actual commit cycle
PASS GROUP2_SAMPLE_CONTINUITY sample_index continuous across transition pretransition=1645 posttransition=1646
PASS GROUP2_CODE_SNAPSHOT_STABILITY AMB/DC snapshot+epoch unchanged across transition amb_snapshot=64 amb_epoch=1 dc_snapshot=80 dc_epoch=1
PEAK CAPTURE t=2193828250000 frame_id=864 value=3406 count=5
DIAG progress t=2248792004000 red=901 ir=899 cal=0
DIAG progress t=2498792004000 red=1001 ir=999 cal=0
VALLEY CAPTURE t=2538802250000 frame_id=1001 value=29 count=5
RETURN_9BIT CAPTURE t=2538802250000 frame_id=1005 reason=0 count=2
SAR9_RETURN_TRANSITION CAPTURE t=2541017250000
PASS GROUP3_SAFE_RETURN_COMMIT SAR15->SAR9 return committed only with frame_safe_boundary+precision_takeover_safe+analog_safe asserted and physical ADC idle at the actual commit cycle
PEAK CAPTURE t=2598826750000 frame_id=1025 value=517 count=6
DIAG progress t=2748790504000 red=1101 ir=1099 cal=0
DIAG progress t=2998790504000 red=1201 ir=1199 cal=0
VALLEY CAPTURE t=3021300750000 frame_id=1195 value=-572 count=6
CROSS CAPTURE t=3053800750000 frame_id=1209 sample_index=2418 baseline_q16=-1062432 slope_q16=-189916 time_unknown=0 count=3
PASS GROUP2_REAL_DATAPATH cross frame_id=1209 sample_index=2418 traced to a real RED FIR handshake at candidate_start
PASS GROUP1_BASELINE_FORMULA recomputed B[f]=-1062432 matches RTL o_cross_baseline_q16 peak_value=517 peak_frame=1025 cross_frame=1209 frame_delta=184 slope=-189916
SAR15_TRANSITION CAPTURE t=3056017250000 safe_frame_id=1222
PASS GROUP2_SAFE_BOUNDARY fine_window_start_event committed only with frame_safe_boundary+precision_takeover_safe+analog_safe asserted and physical ADC idle at the actual commit cycle
PASS GROUP2_SAMPLE_CONTINUITY sample_index continuous across transition pretransition=2443 posttransition=2444
PASS GROUP2_CODE_SNAPSHOT_STABILITY AMB/DC snapshot+epoch unchanged across transition amb_snapshot=64 amb_epoch=1 dc_snapshot=80 dc_epoch=1
PEAK CAPTURE t=3193828250000 frame_id=1263 value=3623 count=7
DIAG progress t=3248792004000 red=1301 ir=1299 cal=0
DIAG progress t=3498792004000 red=1401 ir=1399 cal=0
VALLEY CAPTURE t=3536302250000 frame_id=1401 value=245 count=7
RETURN_9BIT CAPTURE t=3536302250000 frame_id=1404 reason=0 count=3
SAR9_RETURN_TRANSITION CAPTURE t=3538517250000
PASS GROUP3_SAFE_RETURN_COMMIT SAR15->SAR9 return committed only with frame_safe_boundary+precision_takeover_safe+analog_safe asserted and physical ADC idle at the actual commit cycle
PEAK CAPTURE t=3598826750000 frame_id=1425 value=733 count=8
DIAG progress t=3748790504000 red=1501 ir=1499 cal=0
DIAG progress t=3998790504000 red=1601 ir=1599 cal=0
VALLEY CAPTURE t=4021300750000 frame_id=1595 value=-356 count=8
CROSS CAPTURE t=4051300750000 frame_id=1608 sample_index=3216 baseline_q16=11314180 slope_q16=-200676 time_unknown=0 count=4
PASS GROUP2_REAL_DATAPATH cross frame_id=1608 sample_index=3216 traced to a real RED FIR handshake at candidate_start
PASS GROUP1_BASELINE_FORMULA recomputed B[f]=11314180 matches RTL o_cross_baseline_q16 peak_value=733 peak_frame=1425 cross_frame=1608 frame_delta=183 slope=-200676
SAR15_TRANSITION CAPTURE t=4053517250000 safe_frame_id=1621
PASS GROUP2_SAFE_BOUNDARY fine_window_start_event committed only with frame_safe_boundary+precision_takeover_safe+analog_safe asserted and physical ADC idle at the actual commit cycle
PASS GROUP2_SAMPLE_CONTINUITY sample_index continuous across transition pretransition=3241 posttransition=3242
PASS GROUP2_CODE_SNAPSHOT_STABILITY AMB/DC snapshot+epoch unchanged across transition amb_snapshot=64 amb_epoch=1 dc_snapshot=80 dc_epoch=1
PEAK CAPTURE t=4193828250000 frame_id=1663 value=3838 count=9
DIAG progress t=4248792004000 red=1701 ir=1699 cal=0
DIAG progress t=4498792004000 red=1801 ir=1799 cal=0
VALLEY CAPTURE t=4538802250000 frame_id=1801 value=461 count=9
RETURN_9BIT CAPTURE t=4538802250000 frame_id=1805 reason=0 count=4
SAR9_RETURN_TRANSITION CAPTURE t=4541017250000
PASS GROUP3_SAFE_RETURN_COMMIT SAR15->SAR9 return committed only with frame_safe_boundary+precision_takeover_safe+analog_safe asserted and physical ADC idle at the actual commit cycle
PEAK CAPTURE t=4598826750000 frame_id=1825 value=948 count=10
DIAG progress t=4748790504000 red=1901 ir=1899 cal=0
DIAG progress t=4998790504000 red=2001 ir=1999 cal=0
VALLEY CAPTURE t=5023800750000 frame_id=1995 value=-145 count=10
CROSS CAPTURE t=5053800750000 frame_id=2009 sample_index=4018 baseline_q16=24094776 slope_q16=-206703 time_unknown=0 count=5
PASS GROUP2_REAL_DATAPATH cross frame_id=2009 sample_index=4018 traced to a real RED FIR handshake at candidate_start
PASS GROUP1_BASELINE_FORMULA recomputed B[f]=24094776 matches RTL o_cross_baseline_q16 peak_value=948 peak_frame=1825 cross_frame=2009 frame_delta=184 slope=-206703
SAR15_TRANSITION CAPTURE t=5056017250000 safe_frame_id=2022
PASS GROUP2_SAFE_BOUNDARY fine_window_start_event committed only with frame_safe_boundary+precision_takeover_safe+analog_safe asserted and physical ADC idle at the actual commit cycle
PASS GROUP2_SAMPLE_CONTINUITY sample_index continuous across transition pretransition=4043 posttransition=4044
PASS GROUP2_CODE_SNAPSHOT_STABILITY AMB/DC snapshot+epoch unchanged across transition amb_snapshot=64 amb_epoch=1 dc_snapshot=80 dc_epoch=1
PEAK CAPTURE t=5193828250000 frame_id=2063 value=4000 count=11
DIAG progress t=5248792004000 red=2101 ir=2099 cal=0
DIAG progress t=5498792004000 red=2201 ir=2199 cal=0
VALLEY CAPTURE t=5541302250000 frame_id=2202 value=443 count=11
RETURN_9BIT CAPTURE t=5541302250000 frame_id=2206 reason=0 count=5
SAR9_RETURN_TRANSITION CAPTURE t=5543517250000
PASS GROUP3_SAFE_RETURN_COMMIT SAR15->SAR9 return committed only with frame_safe_boundary+precision_takeover_safe+analog_safe asserted and physical ADC idle at the actual commit cycle
PEAK CAPTURE t=5598826750000 frame_id=2225 value=894 count=12
DIAG progress t=5748790504000 red=2301 ir=2299 cal=0
DIAG progress t=5998790504000 red=2401 ir=2399 cal=0
VALLEY CAPTURE t=6026300750000 frame_id=2396 value=-316 count=12
CROSS CAPTURE t=6058800750000 frame_id=2411 sample_index=4822 baseline_q16=18659262 slope_q16=-214677 time_unknown=0 count=6
PASS GROUP2_REAL_DATAPATH cross frame_id=2411 sample_index=4822 traced to a real RED FIR handshake at candidate_start
PASS GROUP1_BASELINE_FORMULA recomputed B[f]=18659262 matches RTL o_cross_baseline_q16 peak_value=894 peak_frame=2225 cross_frame=2411 frame_delta=186 slope=-214677
SAR15_TRANSITION CAPTURE t=6061017250000 safe_frame_id=2424
PASS GROUP2_SAFE_BOUNDARY fine_window_start_event committed only with frame_safe_boundary+precision_takeover_safe+analog_safe asserted and physical ADC idle at the actual commit cycle
PASS GROUP2_SAMPLE_CONTINUITY sample_index continuous across transition pretransition=4847 posttransition=4848
PASS GROUP2_CODE_SNAPSHOT_STABILITY AMB/DC snapshot+epoch unchanged across transition amb_snapshot=64 amb_epoch=1 dc_snapshot=80 dc_epoch=1
PEAK CAPTURE t=6193828250000 frame_id=2463 value=3784 count=13
DIAG progress t=6248792004000 red=2501 ir=2499 cal=0
DIAG progress t=6498792004000 red=2601 ir=2599 cal=0
VALLEY CAPTURE t=6541302250000 frame_id=2602 value=227 count=13
RETURN_9BIT CAPTURE t=6541302250000 frame_id=2606 reason=0 count=6
SAR9_RETURN_TRANSITION CAPTURE t=6543517250000
PASS GROUP3_SAFE_RETURN_COMMIT SAR15->SAR9 return committed only with frame_safe_boundary+precision_takeover_safe+analog_safe asserted and physical ADC idle at the actual commit cycle
PEAK CAPTURE t=6598826750000 frame_id=2625 value=678 count=14
DIAG progress t=6748790504000 red=2701 ir=2699 cal=0
DIAG progress t=6998790504000 red=2801 ir=2799 cal=0
VALLEY CAPTURE t=7026300750000 frame_id=2796 value=-531 count=14
CROSS CAPTURE t=7058800750000 frame_id=2811 sample_index=5622 baseline_q16=3500760 slope_q16=-220068 time_unknown=0 count=7
PASS GROUP2_REAL_DATAPATH cross frame_id=2811 sample_index=5622 traced to a real RED FIR handshake at candidate_start
PASS GROUP1_BASELINE_FORMULA recomputed B[f]=3500760 matches RTL o_cross_baseline_q16 peak_value=678 peak_frame=2625 cross_frame=2811 frame_delta=186 slope=-220068
SAR15_TRANSITION CAPTURE t=7061017250000 safe_frame_id=2824
PASS GROUP2_SAFE_BOUNDARY fine_window_start_event committed only with frame_safe_boundary+precision_takeover_safe+analog_safe asserted and physical ADC idle at the actual commit cycle
PASS GROUP2_SAMPLE_CONTINUITY sample_index continuous across transition pretransition=5647 posttransition=5648
PASS GROUP2_CODE_SNAPSHOT_STABILITY AMB/DC snapshot+epoch unchanged across transition amb_snapshot=64 amb_epoch=1 dc_snapshot=80 dc_epoch=1
PEAK CAPTURE t=7193828250000 frame_id=2863 value=3568 count=15
DIAG progress t=7248792004000 red=2901 ir=2899 cal=0
DIAG progress t=7498792004000 red=3001 ir=2999 cal=0
VALLEY CAPTURE t=7541302250000 frame_id=3002 value=11 count=15
RETURN_9BIT CAPTURE t=7541302250000 frame_id=3006 reason=0 count=7
SAR9_RETURN_TRANSITION CAPTURE t=7543517250000
PASS GROUP3_SAFE_RETURN_COMMIT SAR15->SAR9 return committed only with frame_safe_boundary+precision_takeover_safe+analog_safe asserted and physical ADC idle at the actual commit cycle
PEAK CAPTURE t=7598826750000 frame_id=3025 value=462 count=16
DIAG progress t=7748790504000 red=3101 ir=3099 cal=0
DIAG progress t=7998790504000 red=3201 ir=3199 cal=0
VALLEY CAPTURE t=8026300750000 frame_id=3197 value=-747 count=16
CROSS CAPTURE t=8056300750000 frame_id=3210 sample_index=6420 baseline_q16=-10994388 slope_q16=-223092 time_unknown=0 count=8
PASS GROUP2_REAL_DATAPATH cross frame_id=3210 sample_index=6420 traced to a real RED FIR handshake at candidate_start
PASS GROUP1_BASELINE_FORMULA recomputed B[f]=-10994388 matches RTL o_cross_baseline_q16 peak_value=462 peak_frame=3025 cross_frame=3210 frame_delta=185 slope=-223092
SAR15_TRANSITION CAPTURE t=8058517250000 safe_frame_id=3223
PASS GROUP2_SAFE_BOUNDARY fine_window_start_event committed only with frame_safe_boundary+precision_takeover_safe+analog_safe asserted and physical ADC idle at the actual commit cycle
PASS GROUP2_SAMPLE_CONTINUITY sample_index continuous across transition pretransition=6445 posttransition=6446
PASS GROUP2_CODE_SNAPSHOT_STABILITY AMB/DC snapshot+epoch unchanged across transition amb_snapshot=64 amb_epoch=1 dc_snapshot=80 dc_epoch=1
PEAK CAPTURE t=8193828250000 frame_id=3264 value=3352 count=17
DIAG progress t=8248792004000 red=3301 ir=3299 cal=0
DIAG progress t=8498792004000 red=3401 ir=3399 cal=0
VALLEY CAPTURE t=8541302250000 frame_id=3402 value=-205 count=17
RETURN_9BIT CAPTURE t=8541302250000 frame_id=3406 reason=0 count=8
SAR9_RETURN_TRANSITION CAPTURE t=8543517250000
PASS GROUP3_SAFE_RETURN_COMMIT SAR15->SAR9 return committed only with frame_safe_boundary+precision_takeover_safe+analog_safe asserted and physical ADC idle at the actual commit cycle
PEAK CAPTURE t=8598826750000 frame_id=3425 value=247 count=18
DIAG progress t=8748790504000 red=3501 ir=3499 cal=0
DIAG progress t=8998790504000 red=3601 ir=3599 cal=0
VALLEY CAPTURE t=9026300750000 frame_id=3596 value=-963 count=18
CROSS CAPTURE t=9056300750000 frame_id=3610 sample_index=7220 baseline_q16=-25495513 slope_q16=-225313 time_unknown=0 count=9
PASS GROUP2_REAL_DATAPATH cross frame_id=3610 sample_index=7220 traced to a real RED FIR handshake at candidate_start
PASS GROUP1_BASELINE_FORMULA recomputed B[f]=-25495513 matches RTL o_cross_baseline_q16 peak_value=247 peak_frame=3425 cross_frame=3610 frame_delta=185 slope=-225313
SAR15_TRANSITION CAPTURE t=9058517250000 safe_frame_id=3623
PASS GROUP2_SAFE_BOUNDARY fine_window_start_event committed only with frame_safe_boundary+precision_takeover_safe+analog_safe asserted and physical ADC idle at the actual commit cycle
PASS GROUP2_SAMPLE_CONTINUITY sample_index continuous across transition pretransition=7245 posttransition=7246
PASS GROUP2_CODE_SNAPSHOT_STABILITY AMB/DC snapshot+epoch unchanged across transition amb_snapshot=64 amb_epoch=1 dc_snapshot=80 dc_epoch=1
PEAK CAPTURE t=9193828250000 frame_id=3664 value=3137 count=19
DIAG progress t=9248792004000 red=3701 ir=3699 cal=0
DIAG progress t=9498792004000 red=3801 ir=3799 cal=0
VALLEY CAPTURE t=9541302250000 frame_id=3802 value=-420 count=19
RETURN_9BIT CAPTURE t=9541302250000 frame_id=3806 reason=0 count=9
SAR9_RETURN_TRANSITION CAPTURE t=9543517250000
PASS GROUP3_SAFE_RETURN_COMMIT SAR15->SAR9 return committed only with frame_safe_boundary+precision_takeover_safe+analog_safe asserted and physical ADC idle at the actual commit cycle
PEAK CAPTURE t=9598826750000 frame_id=3825 value=31 count=20
DIAG progress t=9748790504000 red=3901 ir=3899 cal=0
DIAG progress t=9998790504000 red=4001 ir=3999 cal=0
PASS LONGRUN10_COVERAGE post-START run covers real_red=4001 real_ir=4000 elapsed_ns=10000000499 (>=10000000000) with no 32-bit overflow (time-typed)
PASS GROUP1_EXISTENCE real PEAK/VALLEY warmup cycle observed peak_count=20 valley_count=19
PASS GROUP2_EXISTENCE real CROSS/SAR15-entry/RETURN_9BIT cycle observed cross_count=9 return_count=9
PASS GROUP3_EXISTENCE real SAR15-phase PEAK(frame_id=464)/VALLEY(frame_id=601)/safe-return cycle observed
PASS GROUP4_EXISTENCE real precision tail observed, bounded, ended at frame_id=616, and system recovered to form cross_count=9 real crossings
PASS GROUP5_REPEATED_BASELINE cross_count=9 >= 8 real crossings, each independently B[f]-formula-verified
PASS GROUP5_REPEATED_PRECISION_ENTRY_RETURN entry_commits=9 return_commits=9, both >= 8, each independently safe-boundary-verified
PASS LONG_10_CYCLES STOP drained back to CONFIG without fault
PASS GROUP5_NO_STALE_CONTEXT measurement_result_valid=8000 + stop_discards=1 (completion=1 result=0) == scenario transactions=8001 (real_red+real_ir=8002 - pre_start=1) after STOP drain, no RAW-arithmetic saturation observed
PASS GROUP5_PROTOCOL_STICKY all blocking scheduler/AMI/SSW/characterization/discard protocol-error stickies stayed 0 across real_red=4002 real_ir=4000 transactions
INFO GROUP5_HISTORICAL_DIAG o_ssw_owner_deadline_timeout_sticky asserted during the run (non-blocking per contract)
LONG_10_CYCLES_TB_PASS real_red=4002 real_ir=4000 real_cal=0 elapsed_ns=10000000499 measurement_result_valid=8000 peak_count=20 valley_count=19 cross_count=9 return_count=9 entry_commits=9 return_commits=9
$finish called at time : 10001375751 ns : File "D:/PPG/runs_7a8eabf/sys_g2/rtl/ppg_control_top/tb_ppg_control_top_long_10_cycles.v" Line 2003
run: Time (s): cpu = 00:00:00 ; elapsed = 00:31:28 . Memory (MB): peak = 266.332 ; gain = 0.000
exit
INFO: xsimkernel Simulation Memory Usage: 13688 KB (Peak: 13688 KB), Simulation CPU Usage: 1875796 ms
INFO: [Common 17-206] Exiting xsim at Fri Oct  9 16:12:57 2026...
