#-----------------------------------------------------------
# xsim v2022.2 (64-bit)
# SW Build 3671981 on Fri Oct 14 05:00:03 MDT 2022
# IP Build 3669848 on Fri Oct 14 08:30:02 MDT 2022
# Start of session at: Fri Oct  9 22:04:44 2026
# Process ID: 24128
# Current directory: D:/PPG/runs_5d8ceba/sys_g4/rtl/ppg_control_top
# Command line: xsim.exe -log xsim_regression_20260906/tb_ppg_control_top_startup_idac_calibration/xsim.log -mode tcl -source {xsim.dir/snap_tb_ppg_control_top_startup_idac_calibration/xsim_script.tcl}
# Log file: D:/PPG/runs_5d8ceba/sys_g4/rtl/ppg_control_top/xsim_regression_20260906/tb_ppg_control_top_startup_idac_calibration/xsim.log
# Journal file: D:/PPG/runs_5d8ceba/sys_g4/rtl/ppg_control_top\xsim.jou
# Running On: DESKTOP-VU9H4FF, OS: Windows, CPU Frequency: 2904 MHz, CPU Physical cores: 6, Host memory: 16920 MB
#-----------------------------------------------------------
source xsim.dir/snap_tb_ppg_control_top_startup_idac_calibration/xsim_script.tcl
# xsim {snap_tb_ppg_control_top_startup_idac_calibration} -autoloadwcfg -runall
Time resolution is 1 ps
run -all
JNT_BASELINE_BEGIN required=54
PASS JNT-STARTUP-READY (jnt 1/54)
PASS JNT-01 (jnt 2/54)
F009_FRAME_FIRST t=10250000 frame=0 type=NORMAL
PASS JNT-OWNER-WAIT (jnt 3/54)
PASS JNT-02A (jnt 4/54)
PASS JNT-PHASE-ORDER (jnt 5/54)
PASS JNT-Q3-RELEASE (jnt 6/54)
PASS JNT-02-IR-PREESTABLISH (jnt 7/54)
PASS JNT-03-IDAC (jnt 8/54)
PASS JNT-DONE-WAIT (jnt 9/54)
PASS JNT-02B (jnt 10/54)
PASS JNT-OWNER-WAIT (jnt 11/54)
PASS JNT-03A (jnt 12/54)
PASS JNT-PHASE-ORDER (jnt 13/54)
PASS JNT-Q3-RELEASE (jnt 14/54)
PASS JNT-04-IDAC (jnt 15/54)
PASS JNT-DONE-WAIT (jnt 16/54)
PASS JNT-03B (jnt 17/54)
PASS JNT-04 (jnt 18/54)
PASS JNT-STARTUP-READY (jnt 19/54)
F009_FRAME_FIRST t=251750000 frame=0 type=NORMAL
PASS JNT-OWNER-WAIT (jnt 20/54)
PASS JNT-05A (jnt 21/54)
PASS JNT-PHASE-ORDER (jnt 22/54)
PASS JNT-Q3-RELEASE (jnt 23/54)
PASS JNT-DONE-WAIT (jnt 24/54)
PASS JNT-05B (jnt 25/54)
PASS JNT-STARTUP-READY (jnt 26/54)
F009_FRAME_FIRST t=413750000 frame=0 type=NORMAL
PASS JNT-OWNER-WAIT (jnt 27/54)
PASS JNT-PHASE-ORDER (jnt 28/54)
PASS JNT-Q3-RELEASE (jnt 29/54)
PASS JNT-06 (jnt 30/54)
PASS JNT-STARTUP-READY (jnt 31/54)
F009_FRAME_FIRST t=582750000 frame=0 type=NORMAL
PASS JNT-OWNER-WAIT (jnt 32/54)
PASS JNT-07A (jnt 33/54)
PASS JNT-PHASE-ORDER (jnt 34/54)
PASS JNT-Q3-RELEASE (jnt 35/54)
PASS JNT-07B (jnt 36/54)
PASS JNT-DONE-WAIT (jnt 37/54)
PASS JNT-07C (jnt 38/54)
PASS JNT-OWNER-WAIT (jnt 39/54)
PASS JNT-07D (jnt 40/54)
PASS JNT-PHASE-ORDER (jnt 41/54)
PASS JNT-Q3-RELEASE (jnt 42/54)
PASS JNT-07E (jnt 43/54)
PASS JNT-DONE-WAIT (jnt 44/54)
PASS JNT-07F (jnt 45/54)
PASS JNT-STARTUP-READY (jnt 46/54)
F009_FRAME_FIRST t=825750000 frame=0 type=NORMAL
PASS JNT-OWNER-WAIT (jnt 47/54)
PASS JNT-PHASE-ORDER (jnt 48/54)
PASS JNT-Q3-RELEASE (jnt 49/54)
PASS JNT-DONE-WAIT (jnt 50/54)
PASS JNT-08 (jnt 51/54)
PASS JNT-STARTUP-READY (jnt 52/54)
PASS JNT-09-STARTUP (jnt 53/54)
F009_FRAME_FIRST t=987750000 frame=0 type=NORMAL
PASS JNT-09 (jnt 54/54)
JNT_BASELINE checked=54 pass=54 required=54 status=PASS
PASS SID-01 START produced exactly one startup safe boundary pulse with zero waveform/owner/frame/result advance before the first real AMB request
F009_FRAME_FIRST t=1137750000 frame=0 type=CAL
F009_FRAME_FIRST t=1143750000 frame=0 type=CAL
PASS SID-10 AMB search did not advance on a mismatched-identity completion (search evidence side)
PASS SID-10 mismatched calibration identity correctly propagated to o_system_fault_blocking (hard reject path, same severity as INJ-02/LFA-08)
F009_FRAME_FIRST t=1322750000 frame=0 type=CAL
PASS SID-11 double-saturated sample consumed by its own qualified-gate reject path, committed AMB code unchanged, no fabricated success, no escalation to a hard system fault
F009_FRAME_FIRST t=1470250000 frame=0 type=CAL
PASS SID-02 startup search entered AMB stage first as required
PASS SID-05-AMB candidate window suppressed after missing the tick-248 owner-commit deadline, no owner committed
PASS SID-04 AMB stage converged to target code 64 with real physical candidates 625 ticks apart
PASS SID-05-DCR candidate window suppressed after missing the tick-248 owner-commit deadline, no owner committed
PASS SID-08 DCS_CAL RED: only RED LED window active, AMB bus holds confirmed code 40
PASS SID-06 current-subframe waveform snapshot unperturbed past the tick-385 commit boundary (old=42, newly committed=5d, not yet visible)
PASS SID-08 DCS_CAL RED: only RED LED window active, AMB bus holds confirmed code 40
PASS SID-06 next-subframe waveform snapshot correctly reflects the code committed at the prior subframe's tick-385 boundary, code=5d
PASS SID-08 DCS_CAL RED: only RED LED window active, AMB bus holds confirmed code 40
PASS SID-08 DCS_CAL RED: only RED LED window active, AMB bus holds confirmed code 40
PASS SID-08 DCS_CAL RED: only RED LED window active, AMB bus holds confirmed code 40
PASS SID-08 DCS_CAL RED: only RED LED window active, AMB bus holds confirmed code 40
PASS SID DC_R stage converged to target code 80
PASS SID-05-DCIR candidate window suppressed after missing the tick-248 owner-commit deadline, no owner committed
PASS SID-09 DCS_CAL IR: only IR LED window active
PASS SID-09 DCS_CAL IR: only IR LED window active
PASS SID-09 DCS_CAL IR: only IR LED window active
PASS SID-09 DCS_CAL IR: only IR LED window active
PASS SID-09 DCS_CAL IR: only IR LED window active
PASS SID-09 DCS_CAL IR: only IR LED window active
PASS SID DC_IR stage converged to target code 96
PASS SID-12 startup_search_complete asserted after AMB/DC_R/DC_IR closure, before this phase drove any NORMAL owner
PASS SID-12 NORMAL genuinely unblocked after startup search completion
F009_FRAME_FIRST t=9214750000 frame=0 type=CAL
PASS SID-12 AMB search reached exhaustion under an unreachable threshold window: fault/exhausted asserted, startup_search_complete stayed low
PASS SID-12 NORMAL stayed blocked for 3000 cycles after AMB search exhaustion
STARTUP_IDAC_CALIBRATION_TB_PASS result_captures=2
$finish called at time : 12728250 ns : File "D:/PPG/runs_5d8ceba/sys_g4/rtl/ppg_control_top/tb_ppg_control_top_startup_idac_calibration.v" Line 1506
exit
INFO: [Common 17-206] Exiting xsim at Fri Oct  9 22:04:49 2026...
