#-----------------------------------------------------------
# xsim v2022.2 (64-bit)
# SW Build 3671981 on Fri Oct 14 05:00:03 MDT 2022
# IP Build 3669848 on Fri Oct 14 08:30:02 MDT 2022
# Start of session at: Fri Oct  9 20:57:57 2026
# Process ID: 4380
# Current directory: D:/PPG/runs_5d8ceba/unit_runs/tb_ppg_adc_s1_redundancy_corrector
# Command line: xsim.exe -log xsim.log -mode tcl -source {xsim.dir/snap_tb_ppg_adc_s1_redundancy_corrector/xsim_script.tcl}
# Log file: D:/PPG/runs_5d8ceba/unit_runs/tb_ppg_adc_s1_redundancy_corrector/xsim.log
# Journal file: D:/PPG/runs_5d8ceba/unit_runs/tb_ppg_adc_s1_redundancy_corrector\xsim.jou
# Running On: DESKTOP-VU9H4FF, OS: Windows, CPU Frequency: 2904 MHz, CPU Physical cores: 6, Host memory: 16920 MB
#-----------------------------------------------------------
source xsim.dir/snap_tb_ppg_adc_s1_redundancy_corrector/xsim_script.tcl
# xsim {snap_tb_ppg_adc_s1_redundancy_corrector} -autoloadwcfg -runall
Time resolution is 1 ps
run -all
PASS S1-ABANDON
INFO S1-ABANDON-TIMING case=B_same_cycle_as_start late_raw_outcome=bound_to_next_context out_frame=9d9d out_sample=0909 out_raw=2aa
INFO S1-ABANDON-TIMING case=C_two_cycles_after_start late_raw_outcome=bound_to_next_context out_frame=9d9d out_sample=0909 out_raw=2aa
PASS ppg_adc_s1_redundancy_corrector integrated exhaustive checks
$finish called at time : 3140288 ns : File "D:/PPG/runs_5d8ceba/unit/rtl/ppg_adc_s1_redundancy_corrector/tb_ppg_adc_s1_redundancy_corrector.v" Line 613
exit
INFO: [Common 17-206] Exiting xsim at Fri Oct  9 20:57:59 2026...
