#-----------------------------------------------------------
# xsim v2022.2 (64-bit)
# SW Build 3671981 on Fri Oct 14 05:00:03 MDT 2022
# IP Build 3669848 on Fri Oct 14 08:30:02 MDT 2022
# Start of session at: Fri Oct  9 21:01:30 2026
# Process ID: 10836
# Current directory: D:/PPG/runs_5d8ceba/unit_runs/tb_ppg_timing_sar15
# Command line: xsim.exe -log xsim.log -mode tcl -source {xsim.dir/snap_tb_ppg_timing_sar15/xsim_script.tcl}
# Log file: D:/PPG/runs_5d8ceba/unit_runs/tb_ppg_timing_sar15/xsim.log
# Journal file: D:/PPG/runs_5d8ceba/unit_runs/tb_ppg_timing_sar15\xsim.jou
# Running On: DESKTOP-VU9H4FF, OS: Windows, CPU Frequency: 2904 MHz, CPU Physical cores: 6, Host memory: 16920 MB
#-----------------------------------------------------------
source xsim.dir/snap_tb_ppg_timing_sar15/xsim_script.tcl
# xsim {snap_tb_ppg_timing_sar15} -autoloadwcfg -runall
Time resolution is 1 ps
run -all
PASS: ppg_timing_sar15 optical, test-MUX, and static characterization modes matched.
$finish called at time : 20001751 ns : File "D:/PPG/runs_5d8ceba/unit/rtl/ppg_timing_sar15/tb_ppg_timing_sar15.v" Line 394
exit
INFO: [Common 17-206] Exiting xsim at Fri Oct  9 21:01:32 2026...
